Archive member included to satisfy reference by file (symbol)

/home/louis/Ac6/SystemWorkbench/plugins/fr.ac6.mcu.externaltools.arm-none.linux64_1.15.0.201708311556/tools/compiler/bin/../lib/gcc/arm-none-eabi/6.3.1/../../../../arm-none-eabi/lib/thumb/v7e-m/fpv4-sp/hard/libc_nano.a(lib_a-exit.o)
                              /home/louis/Ac6/SystemWorkbench/plugins/fr.ac6.mcu.externaltools.arm-none.linux64_1.15.0.201708311556/tools/compiler/bin/../lib/gcc/arm-none-eabi/6.3.1/../../../../arm-none-eabi/lib/thumb/v7e-m/fpv4-sp/hard/rdimon-crt0.o (exit)
/home/louis/Ac6/SystemWorkbench/plugins/fr.ac6.mcu.externaltools.arm-none.linux64_1.15.0.201708311556/tools/compiler/bin/../lib/gcc/arm-none-eabi/6.3.1/../../../../arm-none-eabi/lib/thumb/v7e-m/fpv4-sp/hard/libc_nano.a(lib_a-impure.o)
                              /home/louis/Ac6/SystemWorkbench/plugins/fr.ac6.mcu.externaltools.arm-none.linux64_1.15.0.201708311556/tools/compiler/bin/../lib/gcc/arm-none-eabi/6.3.1/../../../../arm-none-eabi/lib/thumb/v7e-m/fpv4-sp/hard/libc_nano.a(lib_a-exit.o) (_global_impure_ptr)
/home/louis/Ac6/SystemWorkbench/plugins/fr.ac6.mcu.externaltools.arm-none.linux64_1.15.0.201708311556/tools/compiler/bin/../lib/gcc/arm-none-eabi/6.3.1/../../../../arm-none-eabi/lib/thumb/v7e-m/fpv4-sp/hard/libc_nano.a(lib_a-init.o)
                              /home/louis/Ac6/SystemWorkbench/plugins/fr.ac6.mcu.externaltools.arm-none.linux64_1.15.0.201708311556/tools/compiler/bin/../lib/gcc/arm-none-eabi/6.3.1/../../../../arm-none-eabi/lib/thumb/v7e-m/fpv4-sp/hard/rdimon-crt0.o (__libc_init_array)
/home/louis/Ac6/SystemWorkbench/plugins/fr.ac6.mcu.externaltools.arm-none.linux64_1.15.0.201708311556/tools/compiler/bin/../lib/gcc/arm-none-eabi/6.3.1/../../../../arm-none-eabi/lib/thumb/v7e-m/fpv4-sp/hard/libc_nano.a(lib_a-memset.o)
                              /home/louis/Ac6/SystemWorkbench/plugins/fr.ac6.mcu.externaltools.arm-none.linux64_1.15.0.201708311556/tools/compiler/bin/../lib/gcc/arm-none-eabi/6.3.1/../../../../arm-none-eabi/lib/thumb/v7e-m/fpv4-sp/hard/rdimon-crt0.o (memset)
/home/louis/Ac6/SystemWorkbench/plugins/fr.ac6.mcu.externaltools.arm-none.linux64_1.15.0.201708311556/tools/compiler/bin/../lib/gcc/arm-none-eabi/6.3.1/../../../../arm-none-eabi/lib/thumb/v7e-m/fpv4-sp/hard/librdimon_nano.a(rdimon-syscalls.o)
                              /home/louis/Ac6/SystemWorkbench/plugins/fr.ac6.mcu.externaltools.arm-none.linux64_1.15.0.201708311556/tools/compiler/bin/../lib/gcc/arm-none-eabi/6.3.1/../../../../arm-none-eabi/lib/thumb/v7e-m/fpv4-sp/hard/rdimon-crt0.o (initialise_monitor_handles)
/home/louis/Ac6/SystemWorkbench/plugins/fr.ac6.mcu.externaltools.arm-none.linux64_1.15.0.201708311556/tools/compiler/bin/../lib/gcc/arm-none-eabi/6.3.1/../../../../arm-none-eabi/lib/thumb/v7e-m/fpv4-sp/hard/librdimon_nano.a(rdimon-_exit.o)
                              /home/louis/Ac6/SystemWorkbench/plugins/fr.ac6.mcu.externaltools.arm-none.linux64_1.15.0.201708311556/tools/compiler/bin/../lib/gcc/arm-none-eabi/6.3.1/../../../../arm-none-eabi/lib/thumb/v7e-m/fpv4-sp/hard/libc_nano.a(lib_a-exit.o) (_exit)
/home/louis/Ac6/SystemWorkbench/plugins/fr.ac6.mcu.externaltools.arm-none.linux64_1.15.0.201708311556/tools/compiler/bin/../lib/gcc/arm-none-eabi/6.3.1/../../../../arm-none-eabi/lib/thumb/v7e-m/fpv4-sp/hard/librdimon_nano.a(rdimon-_kill.o)
                              /home/louis/Ac6/SystemWorkbench/plugins/fr.ac6.mcu.externaltools.arm-none.linux64_1.15.0.201708311556/tools/compiler/bin/../lib/gcc/arm-none-eabi/6.3.1/../../../../arm-none-eabi/lib/thumb/v7e-m/fpv4-sp/hard/librdimon_nano.a(rdimon-_exit.o) (_kill)
/home/louis/Ac6/SystemWorkbench/plugins/fr.ac6.mcu.externaltools.arm-none.linux64_1.15.0.201708311556/tools/compiler/bin/../lib/gcc/arm-none-eabi/6.3.1/../../../../arm-none-eabi/lib/thumb/v7e-m/fpv4-sp/hard/libc_nano.a(lib_a-errno.o)
                              /home/louis/Ac6/SystemWorkbench/plugins/fr.ac6.mcu.externaltools.arm-none.linux64_1.15.0.201708311556/tools/compiler/bin/../lib/gcc/arm-none-eabi/6.3.1/../../../../arm-none-eabi/lib/thumb/v7e-m/fpv4-sp/hard/librdimon_nano.a(rdimon-syscalls.o) (__errno)
/home/louis/Ac6/SystemWorkbench/plugins/fr.ac6.mcu.externaltools.arm-none.linux64_1.15.0.201708311556/tools/compiler/bin/../lib/gcc/arm-none-eabi/6.3.1/../../../../arm-none-eabi/lib/thumb/v7e-m/fpv4-sp/hard/libc_nano.a(lib_a-findfp.o)
                              /home/louis/Ac6/SystemWorkbench/plugins/fr.ac6.mcu.externaltools.arm-none.linux64_1.15.0.201708311556/tools/compiler/bin/../lib/gcc/arm-none-eabi/6.3.1/../../../../arm-none-eabi/lib/thumb/v7e-m/fpv4-sp/hard/librdimon_nano.a(rdimon-syscalls.o) (__sinit)
/home/louis/Ac6/SystemWorkbench/plugins/fr.ac6.mcu.externaltools.arm-none.linux64_1.15.0.201708311556/tools/compiler/bin/../lib/gcc/arm-none-eabi/6.3.1/../../../../arm-none-eabi/lib/thumb/v7e-m/fpv4-sp/hard/libc_nano.a(lib_a-fwalk.o)
[...]
Memory Configuration

Name             Origin             Length             Attributes
RAM              0x0000000020000000 0x0000000000020000 xrw
CCMRAM           0x0000000010000000 0x0000000000010000 rw
FLASH            0x0000000008000000 0x0000000000100000 xr
*default*        0x0000000000000000 0xffffffffffffffff

Linker script and memory map

LOAD /home/louis/Ac6/SystemWorkbench/plugins/fr.ac6.mcu.externaltools.arm-none.linux64_1.15.0.201708311556/tools/compiler/bin/../lib/gcc/arm-none-eabi/6.3.1/thumb/v7e-m/fpv4-sp/hard/crti.o
LOAD /home/louis/Ac6/SystemWorkbench/plugins/fr.ac6.mcu.externaltools.arm-none.linux64_1.15.0.201708311556/tools/compiler/bin/../lib/gcc/arm-none-eabi/6.3.1/thumb/v7e-m/fpv4-sp/hard/crtbegin.o
LOAD /home/louis/Ac6/SystemWorkbench/plugins/fr.ac6.mcu.externaltools.arm-none.linux64_1.15.0.201708311556/tools/compiler/bin/../lib/gcc/arm-none-eabi/6.3.1/../../../../arm-none-eabi/lib/thumb/v7e-m/fpv4-sp/hard/rdimon-crt0.o
LOAD /home/louis/Ac6/SystemWorkbench/plugins/fr.ac6.mcu.externaltools.arm-none.linux64_1.15.0.201708311556/tools/compiler/bin/../lib/gcc/arm-none-eabi/6.3.1/../../../../arm-none-eabi/lib/thumb/v7e-m/fpv4-sp/hard/libc_nano.a
LOAD /home/louis/Ac6/SystemWorkbench/plugins/fr.ac6.mcu.externaltools.arm-none.linux64_1.15.0.201708311556/tools/compiler/bin/../lib/gcc/arm-none-eabi/6.3.1/../../../../arm-none-eabi/lib/thumb/v7e-m/fpv4-sp/hard/librdimon_nano.a
LOAD Drivers/STM32F4xx_HAL_Driver/Src/stm32f4xx_hal.o
LOAD Drivers/STM32F4xx_HAL_Driver/Src/stm32f4xx_hal_adc.o
LOAD Drivers/STM32F4xx_HAL_Driver/Src/stm32f4xx_hal_adc_ex.o
LOAD Drivers/STM32F4xx_HAL_Driver/Src/stm32f4xx_hal_can.o
LOAD Drivers/STM32F4xx_HAL_Driver/Src/stm32f4xx_hal_cortex.o
LOAD Drivers/STM32F4xx_HAL_Driver/Src/stm32f4xx_hal_dma.o
LOAD Drivers/STM32F4xx_HAL_Driver/Src/stm32f4xx_hal_dma_ex.o
LOAD Drivers/STM32F4xx_HAL_Driver/Src/stm32f4xx_hal_flash.o
LOAD Drivers/STM32F4xx_HAL_Driver/Src/stm32f4xx_hal_flash_ex.o
LOAD Drivers/STM32F4xx_HAL_Driver/Src/stm32f4xx_hal_flash_ramfunc.o
LOAD Drivers/STM32F4xx_HAL_Driver/Src/stm32f4xx_hal_gpio.o
LOAD Drivers/STM32F4xx_HAL_Driver/Src/stm32f4xx_hal_pcd.o
LOAD Drivers/STM32F4xx_HAL_Driver/Src/stm32f4xx_hal_pcd_ex.o
LOAD Drivers/STM32F4xx_HAL_Driver/Src/stm32f4xx_hal_pwr.o
LOAD Drivers/STM32F4xx_HAL_Driver/Src/stm32f4xx_hal_pwr_ex.o
LOAD Drivers/STM32F4xx_HAL_Driver/Src/stm32f4xx_hal_rcc.o
LOAD Drivers/STM32F4xx_HAL_Driver/Src/stm32f4xx_hal_rcc_ex.o
LOAD Drivers/STM32F4xx_HAL_Driver/Src/stm32f4xx_hal_tim.o
LOAD Drivers/STM32F4xx_HAL_Driver/Src/stm32f4xx_hal_tim_ex.o
LOAD Drivers/STM32F4xx_HAL_Driver/Src/stm32f4xx_ll_usb.o
LOAD Middlewares/ST/STM32_USB_Device_Library/Class/CDC/Src/usbd_cdc.o
LOAD Middlewares/ST/STM32_USB_Device_Library/Core/Src/usbd_core.o
LOAD Middlewares/ST/STM32_USB_Device_Library/Core/Src/usbd_ctlreq.o
LOAD Middlewares/ST/STM32_USB_Device_Library/Core/Src/usbd_ioreq.o
LOAD Src/LLInit.o
LOAD Src/can.o
LOAD Src/main.o
LOAD Src/stm32f4xx_hal_msp.o
LOAD Src/stm32f4xx_it.o
LOAD Src/system_stm32f4xx.o
LOAD Src/usb_device.o
LOAD Src/usbd_cdc_if.o
LOAD Src/usbd_conf.o
LOAD Src/usbd_desc.o
LOAD startup/startup_stm32f407xx.o
LOAD /home/louis/Ac6/SystemWorkbench/plugins/fr.ac6.mcu.externaltools.arm-none.linux64_1.15.0.201708311556/tools/compiler/bin/../lib/gcc/arm-none-eabi/6.3.1/../../../../arm-none-eabi/lib/thumb/v7e-m/fpv4-sp/hard/libm.a
START GROUP
LOAD /home/louis/Ac6/SystemWorkbench/plugins/fr.ac6.mcu.externaltools.arm-none.linux64_1.15.0.201708311556/tools/compiler/bin/../lib/gcc/arm-none-eabi/6.3.1/thumb/v7e-m/fpv4-sp/hard/libgcc.a
LOAD /home/louis/Ac6/SystemWorkbench/plugins/fr.ac6.mcu.externaltools.arm-none.linux64_1.15.0.201708311556/tools/compiler/bin/../lib/gcc/arm-none-eabi/6.3.1/../../../../arm-none-eabi/lib/thumb/v7e-m/fpv4-sp/hard/libc_nano.a
END GROUP
START GROUP
LOAD /home/louis/Ac6/SystemWorkbench/plugins/fr.ac6.mcu.externaltools.arm-none.linux64_1.15.0.201708311556/tools/compiler/bin/../lib/gcc/arm-none-eabi/6.3.1/thumb/v7e-m/fpv4-sp/hard/libgcc.a
LOAD /home/louis/Ac6/SystemWorkbench/plugins/fr.ac6.mcu.externaltools.arm-none.linux64_1.15.0.201708311556/tools/compiler/bin/../lib/gcc/arm-none-eabi/6.3.1/../../../../arm-none-eabi/lib/thumb/v7e-m/fpv4-sp/hard/libc_nano.a
LOAD /home/louis/Ac6/SystemWorkbench/plugins/fr.ac6.mcu.externaltools.arm-none.linux64_1.15.0.201708311556/tools/compiler/bin/../lib/gcc/arm-none-eabi/6.3.1/../../../../arm-none-eabi/lib/thumb/v7e-m/fpv4-sp/hard/libnosys.a
END GROUP
START GROUP
LOAD /home/louis/Ac6/SystemWorkbench/plugins/fr.ac6.mcu.externaltools.arm-none.linux64_1.15.0.201708311556/tools/compiler/bin/../lib/gcc/arm-none-eabi/6.3.1/thumb/v7e-m/fpv4-sp/hard/libgcc.a
LOAD /home/louis/Ac6/SystemWorkbench/plugins/fr.ac6.mcu.externaltools.arm-none.linux64_1.15.0.201708311556/tools/compiler/bin/../lib/gcc/arm-none-eabi/6.3.1/../../../../arm-none-eabi/lib/thumb/v7e-m/fpv4-sp/hard/libc_nano.a
LOAD /home/louis/Ac6/SystemWorkbench/plugins/fr.ac6.mcu.externaltools.arm-none.linux64_1.15.0.201708311556/tools/compiler/bin/../lib/gcc/arm-none-eabi/6.3.1/../../../../arm-none-eabi/lib/thumb/v7e-m/fpv4-sp/hard/librdimon_nano.a
LOAD /home/louis/Ac6/SystemWorkbench/plugins/fr.ac6.mcu.externaltools.arm-none.linux64_1.15.0.201708311556/tools/compiler/bin/../lib/gcc/arm-none-eabi/6.3.1/../../../../arm-none-eabi/lib/thumb/v7e-m/fpv4-sp/hard/libnosys.a
END GROUP
START GROUP
LOAD /home/louis/Ac6/SystemWorkbench/plugins/fr.ac6.mcu.externaltools.arm-none.linux64_1.15.0.201708311556/tools/compiler/bin/../lib/gcc/arm-none-eabi/6.3.1/thumb/v7e-m/fpv4-sp/hard/libgcc.a
LOAD /home/louis/Ac6/SystemWorkbench/plugins/fr.ac6.mcu.externaltools.arm-none.linux64_1.15.0.201708311556/tools/compiler/bin/../lib/gcc/arm-none-eabi/6.3.1/../../../../arm-none-eabi/lib/thumb/v7e-m/fpv4-sp/hard/libc_nano.a
LOAD /home/louis/Ac6/SystemWorkbench/plugins/fr.ac6.mcu.externaltools.arm-none.linux64_1.15.0.201708311556/tools/compiler/bin/../lib/gcc/arm-none-eabi/6.3.1/../../../../arm-none-eabi/lib/thumb/v7e-m/fpv4-sp/hard/librdimon_nano.a
END GROUP
LOAD /home/louis/Ac6/SystemWorkbench/plugins/fr.ac6.mcu.externaltools.arm-none.linux64_1.15.0.201708311556/tools/compiler/bin/../lib/gcc/arm-none-eabi/6.3.1/thumb/v7e-m/fpv4-sp/hard/crtend.o
LOAD /home/louis/Ac6/SystemWorkbench/plugins/fr.ac6.mcu.externaltools.arm-none.linux64_1.15.0.201708311556/tools/compiler/bin/../lib/gcc/arm-none-eabi/6.3.1/thumb/v7e-m/fpv4-sp/hard/crtn.o
                0x0000000020020000                _estack = 0x20020000
                0x0000000000002000                _Min_Heap_Size = 0x2000
                0x0000000000002000                _Min_Stack_Size = 0x2000

.isr_vector     0x0000000008000000      0x188
                0x0000000008000000                . = ALIGN (0x4)
 *(.isr_vector)
 .isr_vector    0x0000000008000000      0x188 startup/startup_stm32f407xx.o
                0x0000000008000000                g_pfnVectors
                0x0000000008000188                . = ALIGN (0x4)

.text           0x0000000008000188     0x3c3c
                0x0000000008000188                . = ALIGN (0x4)
 *(.text)
 .text          0x0000000008000188       0x6c /home/louis/Ac6/SystemWorkbench/plugins/fr.ac6.mcu.externaltools.arm-none.linux64_1.15.0.201708311556/tools/compiler/bin/../lib/gcc/arm-none-eabi/6.3.1/thumb/v7e-m/fpv4-sp/hard/crtbegin.o
 *(.text*)
 .text.__libc_init_array
                0x00000000080001f4       0x48 /home/louis/Ac6/SystemWorkbench/plugins/fr.ac6.mcu.externaltools.arm-none.linux64_1.15.0.201708311556/tools/compiler/bin/../lib/gcc/arm-none-eabi/6.3.1/../../../../arm-none-eabi/lib/thumb/v7e-m/fpv4-sp/hard/libc_nano.a(lib_a-init.o)
                0x00000000080001f4                __libc_init_array
 .text._sbrk    0x000000000800023c       0x48 /home/louis/Ac6/SystemWorkbench/plugins/fr.ac6.mcu.externaltools.arm-none.linux64_1.15.0.201708311556/tools/compiler/bin/../lib/gcc/arm-none-eabi/6.3.1/../../../../arm-none-eabi/lib/thumb/v7e-m/fpv4-sp/hard/librdimon_nano.a(rdimon-syscalls.o)
                0x000000000800023c                _sbrk
 .text.HAL_InitTick
                0x0000000008000284       0x2c Drivers/STM32F4xx_HAL_Driver/Src/stm32f4xx_hal.o
                0x0000000008000284                HAL_InitTick
 .text.HAL_Init
                0x00000000080002b0       0x34 Drivers/STM32F4xx_HAL_Driver/Src/stm32f4xx_hal.o
                0x00000000080002b0                HAL_Init
 .text.HAL_IncTick
                0x00000000080002e4       0x10 Drivers/STM32F4xx_HAL_Driver/Src/stm32f4xx_hal.o
                0x00000000080002e4                HAL_IncTick
 .text.HAL_GetTick
                0x00000000080002f4        0xc Drivers/STM32F4xx_HAL_Driver/Src/stm32f4xx_hal.o
                0x00000000080002f4                HAL_GetTick
 .text.HAL_Delay
                0x0000000008000300       0x24 Drivers/STM32F4xx_HAL_Driver/Src/stm32f4xx_hal.o
                0x0000000008000300                HAL_Delay
 .text.HAL_CAN_ConfigFilter
                0x0000000008000324      0x114 Drivers/STM32F4xx_HAL_Driver/Src/stm32f4xx_hal_can.o
                0x0000000008000324                HAL_CAN_ConfigFilter
 .text.HAL_CAN_Init
                0x0000000008000438      0x180 Drivers/STM32F4xx_HAL_Driver/Src/stm32f4xx_hal_can.o
                0x0000000008000438                HAL_CAN_Init
 .text.HAL_CAN_Receive_IT
                0x00000000080005b8      0x12a Drivers/STM32F4xx_HAL_Driver/Src/stm32f4xx_hal_can.o
                0x00000000080005b8                HAL_CAN_Receive_IT
 .text.HAL_CAN_TxCpltCallback
                0x00000000080006e2        0x2 Drivers/STM32F4xx_HAL_Driver/Src/stm32f4xx_hal_can.o
                0x00000000080006e2                HAL_CAN_TxCpltCallback
 .text.CAN_Transmit_IT
                0x00000000080006e4       0x5a Drivers/STM32F4xx_HAL_Driver/Src/stm32f4xx_hal_can.o
 .text.CAN_Receive_IT
                0x000000000800073e      0x174 Drivers/STM32F4xx_HAL_Driver/Src/stm32f4xx_hal_can.o
 .text.HAL_CAN_ErrorCallback
                0x00000000080008b2        0x2 Drivers/STM32F4xx_HAL_Driver/Src/stm32f4xx_hal_can.o
                0x00000000080008b2                HAL_CAN_ErrorCallback
 .text.HAL_CAN_IRQHandler
                0x00000000080008b4      0x1fc Drivers/STM32F4xx_HAL_Driver/Src/stm32f4xx_hal_can.o
                0x00000000080008b4                HAL_CAN_IRQHandler
 .text.HAL_NVIC_SetPriorityGrouping
                0x0000000008000ab0       0x24 Drivers/STM32F4xx_HAL_Driver/Src/stm32f4xx_hal_cortex.o
                0x0000000008000ab0                HAL_NVIC_SetPriorityGrouping
 .text.HAL_NVIC_SetPriority
                0x0000000008000ad4       0x64 Drivers/STM32F4xx_HAL_Driver/Src/stm32f4xx_hal_cortex.o
                0x0000000008000ad4                HAL_NVIC_SetPriority
 .text.HAL_NVIC_EnableIRQ
                0x0000000008000b38       0x18 Drivers/STM32F4xx_HAL_Driver/Src/stm32f4xx_hal_cortex.o
                0x0000000008000b38                HAL_NVIC_EnableIRQ
 .text.HAL_SYSTICK_Config
                0x0000000008000b50       0x2c Drivers/STM32F4xx_HAL_Driver/Src/stm32f4xx_hal_cortex.o
                0x0000000008000b50                HAL_SYSTICK_Config
 .text.HAL_SYSTICK_CLKSourceConfig
                0x0000000008000b7c       0x20 Drivers/STM32F4xx_HAL_Driver/Src/stm32f4xx_hal_cortex.o
                0x0000000008000b7c                HAL_SYSTICK_CLKSourceConfig
 .text.HAL_SYSTICK_Callback
                0x0000000008000b9c        0x2 Drivers/STM32F4xx_HAL_Driver/Src/stm32f4xx_hal_cortex.o
                0x0000000008000b9c                HAL_SYSTICK_Callback
 .text.HAL_SYSTICK_IRQHandler
                0x0000000008000b9e        0x8 Drivers/STM32F4xx_HAL_Driver/Src/stm32f4xx_hal_cortex.o
                0x0000000008000b9e                HAL_SYSTICK_IRQHandler
 *fill*         0x0000000008000ba6        0x2 
 .text.HAL_GPIO_Init
                0x0000000008000ba8      0x1cc Drivers/STM32F4xx_HAL_Driver/Src/stm32f4xx_hal_gpio.o
                0x0000000008000ba8                HAL_GPIO_Init
 .text.HAL_GPIO_WritePin
                0x0000000008000d74        0xc Drivers/STM32F4xx_HAL_Driver/Src/stm32f4xx_hal_gpio.o
                0x0000000008000d74                HAL_GPIO_WritePin
 .text.PCD_WriteEmptyTxFifo
                0x0000000008000d80       0xac Drivers/STM32F4xx_HAL_Driver/Src/stm32f4xx_hal_pcd.o
 .text.HAL_PCD_Init
                0x0000000008000e2c       0xe0 Drivers/STM32F4xx_HAL_Driver/Src/stm32f4xx_hal_pcd.o
                0x0000000008000e2c                HAL_PCD_Init
 .text.HAL_PCD_Start
                0x0000000008000f0c       0x2a Drivers/STM32F4xx_HAL_Driver/Src/stm32f4xx_hal_pcd.o
                0x0000000008000f0c                HAL_PCD_Start
 *fill*         0x0000000008000f36        0x2 
 .text.HAL_PCD_IRQHandler
                0x0000000008000f38      0x5c4 Drivers/STM32F4xx_HAL_Driver/Src/stm32f4xx_hal_pcd.o
                0x0000000008000f38                HAL_PCD_IRQHandler
 .text.HAL_PCD_SetAddress
                0x00000000080014fc       0x24 Drivers/STM32F4xx_HAL_Driver/Src/stm32f4xx_hal_pcd.o
                0x00000000080014fc                HAL_PCD_SetAddress
 .text.HAL_PCD_EP_Open
                0x0000000008001520       0x68 Drivers/STM32F4xx_HAL_Driver/Src/stm32f4xx_hal_pcd.o
                0x0000000008001520                HAL_PCD_EP_Open
 .text.HAL_PCD_EP_Close
                0x0000000008001588       0x56 Drivers/STM32F4xx_HAL_Driver/Src/stm32f4xx_hal_pcd.o
                0x0000000008001588                HAL_PCD_EP_Close
 .text.HAL_PCD_EP_Receive
                0x00000000080015de       0x5a Drivers/STM32F4xx_HAL_Driver/Src/stm32f4xx_hal_pcd.o
                0x00000000080015de                HAL_PCD_EP_Receive
 .text.HAL_PCD_EP_GetRxCount
                0x0000000008001638       0x12 Drivers/STM32F4xx_HAL_Driver/Src/stm32f4xx_hal_pcd.o
                0x0000000008001638                HAL_PCD_EP_GetRxCount
 .text.HAL_PCD_EP_Transmit
                0x000000000800164a       0x52 Drivers/STM32F4xx_HAL_Driver/Src/stm32f4xx_hal_pcd.o
                0x000000000800164a                HAL_PCD_EP_Transmit
 .text.HAL_PCD_EP_SetStall
                0x000000000800169c       0x66 Drivers/STM32F4xx_HAL_Driver/Src/stm32f4xx_hal_pcd.o
                0x000000000800169c                HAL_PCD_EP_SetStall
 .text.HAL_PCD_EP_ClrStall
                0x0000000008001702       0x56 Drivers/STM32F4xx_HAL_Driver/Src/stm32f4xx_hal_pcd.o
                0x0000000008001702                HAL_PCD_EP_ClrStall
 .text.HAL_PCDEx_SetTxFiFo
                0x0000000008001758       0x48 Drivers/STM32F4xx_HAL_Driver/Src/stm32f4xx_hal_pcd_ex.o
                0x0000000008001758                HAL_PCDEx_SetTxFiFo
 .text.HAL_PCDEx_SetRxFiFo
                0x00000000080017a0        0x8 Drivers/STM32F4xx_HAL_Driver/Src/stm32f4xx_hal_pcd_ex.o
                0x00000000080017a0                HAL_PCDEx_SetRxFiFo
 .text.HAL_RCC_OscConfig
                0x00000000080017a8      0x3b0 Drivers/STM32F4xx_HAL_Driver/Src/stm32f4xx_hal_rcc.o
                0x00000000080017a8                HAL_RCC_OscConfig
 .text.HAL_RCC_GetSysClockFreq
                0x0000000008001b58       0x94 Drivers/STM32F4xx_HAL_Driver/Src/stm32f4xx_hal_rcc.o
                0x0000000008001b58                HAL_RCC_GetSysClockFreq
 .text.HAL_RCC_ClockConfig
                0x0000000008001bec      0x19c Drivers/STM32F4xx_HAL_Driver/Src/stm32f4xx_hal_rcc.o
                0x0000000008001bec                HAL_RCC_ClockConfig
 .text.HAL_RCC_GetHCLKFreq
                0x0000000008001d88        0xc Drivers/STM32F4xx_HAL_Driver/Src/stm32f4xx_hal_rcc.o
                0x0000000008001d88                HAL_RCC_GetHCLKFreq
 .text.USB_CoreInit
                0x0000000008001d94       0x7c Drivers/STM32F4xx_HAL_Driver/Src/stm32f4xx_ll_usb.o
                0x0000000008001d94                USB_CoreInit
 .text.USB_EnableGlobalInt
                0x0000000008001e10        0xc Drivers/STM32F4xx_HAL_Driver/Src/stm32f4xx_ll_usb.o
                0x0000000008001e10                USB_EnableGlobalInt
 .text.USB_DisableGlobalInt
                0x0000000008001e1c        0xc Drivers/STM32F4xx_HAL_Driver/Src/stm32f4xx_ll_usb.o
                0x0000000008001e1c                USB_DisableGlobalInt
 .text.USB_SetCurrentMode
                0x0000000008001e28       0x2c Drivers/STM32F4xx_HAL_Driver/Src/stm32f4xx_ll_usb.o
                0x0000000008001e28                USB_SetCurrentMode
 .text.USB_DevInit
                0x0000000008001e54      0x150 Drivers/STM32F4xx_HAL_Driver/Src/stm32f4xx_ll_usb.o
                0x0000000008001e54                USB_DevInit
 .text.USB_FlushTxFifo
                0x0000000008001fa4       0x28 Drivers/STM32F4xx_HAL_Driver/Src/stm32f4xx_ll_usb.o
                0x0000000008001fa4                USB_FlushTxFifo
 .text.USB_FlushRxFifo
                0x0000000008001fcc       0x24 Drivers/STM32F4xx_HAL_Driver/Src/stm32f4xx_ll_usb.o
                0x0000000008001fcc                USB_FlushRxFifo
 .text.USB_SetDevSpeed
                0x0000000008001ff0        0xe Drivers/STM32F4xx_HAL_Driver/Src/stm32f4xx_ll_usb.o
                0x0000000008001ff0                USB_SetDevSpeed
 .text.USB_GetDevSpeed
                0x0000000008001ffe       0x40 Drivers/STM32F4xx_HAL_Driver/Src/stm32f4xx_ll_usb.o
                0x0000000008001ffe                USB_GetDevSpeed
 .text.USB_ActivateEndpoint
                0x000000000800203e       0x92 Drivers/STM32F4xx_HAL_Driver/Src/stm32f4xx_ll_usb.o
                0x000000000800203e                USB_ActivateEndpoint
 .text.USB_DeactivateEndpoint
                0x00000000080020d0       0xf0 Drivers/STM32F4xx_HAL_Driver/Src/stm32f4xx_ll_usb.o
                0x00000000080020d0                USB_DeactivateEndpoint
 .text.USB_EPStartXfer
                0x00000000080021c0      0x264 Drivers/STM32F4xx_HAL_Driver/Src/stm32f4xx_ll_usb.o
                0x00000000080021c0                USB_EPStartXfer
 .text.USB_EP0StartXfer
                0x0000000008002424      0x160 Drivers/STM32F4xx_HAL_Driver/Src/stm32f4xx_ll_usb.o
                0x0000000008002424                USB_EP0StartXfer
 .text.USB_WritePacket
                0x0000000008002584       0x28 Drivers/STM32F4xx_HAL_Driver/Src/stm32f4xx_ll_usb.o
                0x0000000008002584                USB_WritePacket
 .text.USB_ReadPacket
                0x00000000080025ac       0x28 Drivers/STM32F4xx_HAL_Driver/Src/stm32f4xx_ll_usb.o
                0x00000000080025ac                USB_ReadPacket
 .text.USB_EPSetStall
                0x00000000080025d4       0x64 Drivers/STM32F4xx_HAL_Driver/Src/stm32f4xx_ll_usb.o
                0x00000000080025d4                USB_EPSetStall
 .text.USB_EPClearStall
                0x0000000008002638       0x6a Drivers/STM32F4xx_HAL_Driver/Src/stm32f4xx_ll_usb.o
                0x0000000008002638                USB_EPClearStall
 .text.USB_SetDevAddress
                0x00000000080026a2       0x20 Drivers/STM32F4xx_HAL_Driver/Src/stm32f4xx_ll_usb.o
                0x00000000080026a2                USB_SetDevAddress
 .text.USB_DevConnect
                0x00000000080026c2       0x18 Drivers/STM32F4xx_HAL_Driver/Src/stm32f4xx_ll_usb.o
                0x00000000080026c2                USB_DevConnect
 .text.USB_DevDisconnect
                0x00000000080026da       0x18 Drivers/STM32F4xx_HAL_Driver/Src/stm32f4xx_ll_usb.o
                0x00000000080026da                USB_DevDisconnect
 .text.USB_ReadInterrupts
                0x00000000080026f2        0x8 Drivers/STM32F4xx_HAL_Driver/Src/stm32f4xx_ll_usb.o
                0x00000000080026f2                USB_ReadInterrupts
 .text.USB_ReadDevAllOutEpInterrupt
                0x00000000080026fa       0x10 Drivers/STM32F4xx_HAL_Driver/Src/stm32f4xx_ll_usb.o
                0x00000000080026fa                USB_ReadDevAllOutEpInterrupt
 .text.USB_ReadDevAllInEpInterrupt
                0x000000000800270a       0x10 Drivers/STM32F4xx_HAL_Driver/Src/stm32f4xx_ll_usb.o
                0x000000000800270a                USB_ReadDevAllInEpInterrupt
 .text.USB_ReadDevOutEPInterrupt
                0x000000000800271a       0x12 Drivers/STM32F4xx_HAL_Driver/Src/stm32f4xx_ll_usb.o
                0x000000000800271a                USB_ReadDevOutEPInterrupt
 .text.USB_ReadDevInEPInterrupt
                0x000000000800272c       0x1c Drivers/STM32F4xx_HAL_Driver/Src/stm32f4xx_ll_usb.o
                0x000000000800272c                USB_ReadDevInEPInterrupt
 .text.USB_GetMode
                0x0000000008002748        0x8 Drivers/STM32F4xx_HAL_Driver/Src/stm32f4xx_ll_usb.o
                0x0000000008002748                USB_GetMode
 .text.USB_ActivateSetup
                0x0000000008002750       0x38 Drivers/STM32F4xx_HAL_Driver/Src/stm32f4xx_ll_usb.o
                0x0000000008002750                USB_ActivateSetup
 .text.USB_EP0_OutStart
                0x0000000008002788       0x46 Drivers/STM32F4xx_HAL_Driver/Src/stm32f4xx_ll_usb.o
                0x0000000008002788                USB_EP0_OutStart
 *fill*         0x00000000080027ce        0x2 
 .text.USB_CoreReset
                0x00000000080027d0       0x3c Drivers/STM32F4xx_HAL_Driver/Src/stm32f4xx_ll_usb.o
 .text.USBD_CDC_DataIn
                0x000000000800280c       0x12 Middlewares/ST/STM32_USB_Device_Library/Class/CDC/Src/usbd_cdc.o
 .text.USBD_CDC_EP0_RxReady
                0x000000000800281e       0x28 Middlewares/ST/STM32_USB_Device_Library/Class/CDC/Src/usbd_cdc.o
 *fill*         0x0000000008002846        0x2 
 .text.USBD_CDC_GetFSCfgDesc
                0x0000000008002848        0xc Middlewares/ST/STM32_USB_Device_Library/Class/CDC/Src/usbd_cdc.o
 .text.USBD_CDC_GetHSCfgDesc
                0x0000000008002854        0xc Middlewares/ST/STM32_USB_Device_Library/Class/CDC/Src/usbd_cdc.o
 .text.USBD_CDC_GetOtherSpeedCfgDesc
                0x0000000008002860        0xc Middlewares/ST/STM32_USB_Device_Library/Class/CDC/Src/usbd_cdc.o
 .text.USBD_CDC_GetDeviceQualifierDescriptor
                0x000000000800286c        0xc Middlewares/ST/STM32_USB_Device_Library/Class/CDC/Src/usbd_cdc.o
                0x000000000800286c                USBD_CDC_GetDeviceQualifierDescriptor
 .text.USBD_CDC_DataOut
                0x0000000008002878       0x2e Middlewares/ST/STM32_USB_Device_Library/Class/CDC/Src/usbd_cdc.o
 *fill*         0x00000000080028a6        0x2 
 .text.USBD_CDC_Setup
                0x00000000080028a8       0x74 Middlewares/ST/STM32_USB_Device_Library/Class/CDC/Src/usbd_cdc.o
 .text.USBD_CDC_DeInit
                0x000000000800291c       0x3a Middlewares/ST/STM32_USB_Device_Library/Class/CDC/Src/usbd_cdc.o
 .text.USBD_CDC_Init
                0x0000000008002956       0x96 Middlewares/ST/STM32_USB_Device_Library/Class/CDC/Src/usbd_cdc.o
 .text.USBD_CDC_RegisterInterface
                0x00000000080029ec        0xe Middlewares/ST/STM32_USB_Device_Library/Class/CDC/Src/usbd_cdc.o
                0x00000000080029ec                USBD_CDC_RegisterInterface
 .text.USBD_CDC_SetTxBuffer
                0x00000000080029fa       0x10 Middlewares/ST/STM32_USB_Device_Library/Class/CDC/Src/usbd_cdc.o
                0x00000000080029fa                USBD_CDC_SetTxBuffer
 .text.USBD_CDC_SetRxBuffer
                0x0000000008002a0a        0xc Middlewares/ST/STM32_USB_Device_Library/Class/CDC/Src/usbd_cdc.o
                0x0000000008002a0a                USBD_CDC_SetRxBuffer
 .text.USBD_CDC_TransmitPacket
                0x0000000008002a16       0x2e Middlewares/ST/STM32_USB_Device_Library/Class/CDC/Src/usbd_cdc.o
                0x0000000008002a16                USBD_CDC_TransmitPacket
 .text.USBD_CDC_ReceivePacket
                0x0000000008002a44       0x32 Middlewares/ST/STM32_USB_Device_Library/Class/CDC/Src/usbd_cdc.o
                0x0000000008002a44                USBD_CDC_ReceivePacket
 .text.USBD_Init
                0x0000000008002a76       0x2e Middlewares/ST/STM32_USB_Device_Library/Core/Src/usbd_core.o
                0x0000000008002a76                USBD_Init
 .text.USBD_RegisterClass
                0x0000000008002aa4        0xe Middlewares/ST/STM32_USB_Device_Library/Core/Src/usbd_core.o
                0x0000000008002aa4                USBD_RegisterClass
 .text.USBD_Start
                0x0000000008002ab2        0xa Middlewares/ST/STM32_USB_Device_Library/Core/Src/usbd_core.o
                0x0000000008002ab2                USBD_Start
 .text.USBD_SetClassConfig
                0x0000000008002abc       0x1a Middlewares/ST/STM32_USB_Device_Library/Core/Src/usbd_core.o
                0x0000000008002abc                USBD_SetClassConfig
 .text.USBD_ClrClassConfig
                0x0000000008002ad6        0xe Middlewares/ST/STM32_USB_Device_Library/Core/Src/usbd_core.o
                0x0000000008002ad6                USBD_ClrClassConfig
 .text.USBD_LL_SetupStage
                0x0000000008002ae4       0x5a Middlewares/ST/STM32_USB_Device_Library/Core/Src/usbd_core.o
                0x0000000008002ae4                USBD_LL_SetupStage
 .text.USBD_LL_DataOutStage
                0x0000000008002b3e       0x6a Middlewares/ST/STM32_USB_Device_Library/Core/Src/usbd_core.o
                0x0000000008002b3e                USBD_LL_DataOutStage
 .text.USBD_LL_DataInStage
                0x0000000008002ba8       0xb2 Middlewares/ST/STM32_USB_Device_Library/Core/Src/usbd_core.o
                0x0000000008002ba8                USBD_LL_DataInStage
 .text.USBD_LL_Reset
                0x0000000008002c5a       0x3e Middlewares/ST/STM32_USB_Device_Library/Core/Src/usbd_core.o
                0x0000000008002c5a                USBD_LL_Reset
 .text.USBD_LL_SetSpeed
                0x0000000008002c98        0x6 Middlewares/ST/STM32_USB_Device_Library/Core/Src/usbd_core.o
                0x0000000008002c98                USBD_LL_SetSpeed
 .text.USBD_LL_Suspend
                0x0000000008002c9e       0x12 Middlewares/ST/STM32_USB_Device_Library/Core/Src/usbd_core.o
                0x0000000008002c9e                USBD_LL_Suspend
 .text.USBD_LL_Resume
                0x0000000008002cb0        0xc Middlewares/ST/STM32_USB_Device_Library/Core/Src/usbd_core.o
                0x0000000008002cb0                USBD_LL_Resume
 .text.USBD_LL_SOF
                0x0000000008002cbc       0x1c Middlewares/ST/STM32_USB_Device_Library/Core/Src/usbd_core.o
                0x0000000008002cbc                USBD_LL_SOF
 .text.USBD_LL_IsoINIncomplete
                0x0000000008002cd8        0x4 Middlewares/ST/STM32_USB_Device_Library/Core/Src/usbd_core.o
                0x0000000008002cd8                USBD_LL_IsoINIncomplete
 .text.USBD_LL_IsoOUTIncomplete
                0x0000000008002cdc        0x4 Middlewares/ST/STM32_USB_Device_Library/Core/Src/usbd_core.o
                0x0000000008002cdc                USBD_LL_IsoOUTIncomplete
 .text.USBD_LL_DevConnected
                0x0000000008002ce0        0x4 Middlewares/ST/STM32_USB_Device_Library/Core/Src/usbd_core.o
                0x0000000008002ce0                USBD_LL_DevConnected
 .text.USBD_LL_DevDisconnected
                0x0000000008002ce4       0x16 Middlewares/ST/STM32_USB_Device_Library/Core/Src/usbd_core.o
                0x0000000008002ce4                USBD_LL_DevDisconnected
 .text.USBD_GetLen
                0x0000000008002cfa       0x14 Middlewares/ST/STM32_USB_Device_Library/Core/Src/usbd_ctlreq.o
 .text.USBD_SetFeature
                0x0000000008002d0e       0x20 Middlewares/ST/STM32_USB_Device_Library/Core/Src/usbd_ctlreq.o
 .text.USBD_ParseSetupRequest
                0x0000000008002d2e       0x28 Middlewares/ST/STM32_USB_Device_Library/Core/Src/usbd_ctlreq.o
                0x0000000008002d2e                USBD_ParseSetupRequest
 .text.USBD_CtlError
                0x0000000008002d56       0x14 Middlewares/ST/STM32_USB_Device_Library/Core/Src/usbd_ctlreq.o
                0x0000000008002d56                USBD_CtlError
 .text.USBD_GetDescriptor
                0x0000000008002d6a      0x132 Middlewares/ST/STM32_USB_Device_Library/Core/Src/usbd_ctlreq.o
 .text.USBD_SetAddress
                0x0000000008002e9c       0x4a Middlewares/ST/STM32_USB_Device_Library/Core/Src/usbd_ctlreq.o
 *fill*         0x0000000008002ee6        0x2 
 .text.USBD_SetConfig
                0x0000000008002ee8       0xa4 Middlewares/ST/STM32_USB_Device_Library/Core/Src/usbd_ctlreq.o
 .text.USBD_GetConfig
                0x0000000008002f8c       0x3a Middlewares/ST/STM32_USB_Device_Library/Core/Src/usbd_ctlreq.o
 .text.USBD_GetStatus
                0x0000000008002fc6       0x2c Middlewares/ST/STM32_USB_Device_Library/Core/Src/usbd_ctlreq.o
 .text.USBD_ClrFeature
                0x0000000008002ff2       0x32 Middlewares/ST/STM32_USB_Device_Library/Core/Src/usbd_ctlreq.o
 .text.USBD_StdDevReq
                0x0000000008003024       0x48 Middlewares/ST/STM32_USB_Device_Library/Core/Src/usbd_ctlreq.o
                0x0000000008003024                USBD_StdDevReq
 .text.USBD_StdItfReq
                0x000000000800306c       0x38 Middlewares/ST/STM32_USB_Device_Library/Core/Src/usbd_ctlreq.o
                0x000000000800306c                USBD_StdItfReq
 .text.USBD_StdEPReq
                0x00000000080030a4      0x118 Middlewares/ST/STM32_USB_Device_Library/Core/Src/usbd_ctlreq.o
                0x00000000080030a4                USBD_StdEPReq
 .text.USBD_GetString
                0x00000000080031bc       0x3a Middlewares/ST/STM32_USB_Device_Library/Core/Src/usbd_ctlreq.o
                0x00000000080031bc                USBD_GetString
 .text.USBD_CtlSendData
                0x00000000080031f6       0x1a Middlewares/ST/STM32_USB_Device_Library/Core/Src/usbd_ioreq.o
                0x00000000080031f6                USBD_CtlSendData
 .text.USBD_CtlContinueSendData
                0x0000000008003210       0x10 Middlewares/ST/STM32_USB_Device_Library/Core/Src/usbd_ioreq.o
                0x0000000008003210                USBD_CtlContinueSendData
 .text.USBD_CtlPrepareRx
                0x0000000008003220       0x1e Middlewares/ST/STM32_USB_Device_Library/Core/Src/usbd_ioreq.o
                0x0000000008003220                USBD_CtlPrepareRx
 .text.USBD_CtlContinueRx
                0x000000000800323e       0x10 Middlewares/ST/STM32_USB_Device_Library/Core/Src/usbd_ioreq.o
                0x000000000800323e                USBD_CtlContinueRx
 .text.USBD_CtlSendStatus
                0x000000000800324e       0x16 Middlewares/ST/STM32_USB_Device_Library/Core/Src/usbd_ioreq.o
                0x000000000800324e                USBD_CtlSendStatus
 .text.USBD_CtlReceiveStatus
                0x0000000008003264       0x16 Middlewares/ST/STM32_USB_Device_Library/Core/Src/usbd_ioreq.o
                0x0000000008003264                USBD_CtlReceiveStatus
 *fill*         0x000000000800327a        0x2 
 .text.SystemClock_Config
                0x000000000800327c       0xcc Src/LLInit.o
                0x000000000800327c                SystemClock_Config
 .text.MX_CAN1_Init
                0x0000000008003348       0x60 Src/LLInit.o
                0x0000000008003348                MX_CAN1_Init
 .text.MX_GPIO_Init
                0x00000000080033a8       0x74 Src/LLInit.o
                0x00000000080033a8                MX_GPIO_Init
 .text.lowLevelInit
                0x000000000800341c       0x18 Src/LLInit.o
                0x000000000800341c                lowLevelInit
 .text.CAN_Filter_Config
                0x0000000008003434       0x44 Src/can.o
                0x0000000008003434                CAN_Filter_Config
 .text.HAL_CAN_RxCpltCallback
                0x0000000008003478       0x1c Src/can.o
                0x0000000008003478                HAL_CAN_RxCpltCallback
 .text.vcpMsgPtr
                0x0000000008003494       0x42 Src/main.o
                0x0000000008003494                vcpMsgPtr
 .text.checkSum
                0x00000000080034d6       0x76 Src/main.o
                0x00000000080034d6                checkSum
 .text.sendUSBPacket
                0x000000000800354c       0x30 Src/main.o
                0x000000000800354c                sendUSBPacket
 .text.LightLED
                0x000000000800357c       0x50 Src/main.o
                0x000000000800357c                LightLED
 .text.main     0x00000000080035cc       0x64 Src/main.o
                0x00000000080035cc                main
 .text._Error_Handler
                0x0000000008003630        0x2 Src/main.o
                0x0000000008003630                _Error_Handler
 .text.HAL_MspInit
                0x0000000008003632       0x5e Src/stm32f4xx_hal_msp.o
                0x0000000008003632                HAL_MspInit
 .text.HAL_CAN_MspInit
                0x0000000008003690       0x5c Src/stm32f4xx_hal_msp.o
                0x0000000008003690                HAL_CAN_MspInit
 .text.SVC_Handler
                0x00000000080036ec        0x2 Src/stm32f4xx_it.o
                0x00000000080036ec                SVC_Handler
 .text.PendSV_Handler
                0x00000000080036ee        0x2 Src/stm32f4xx_it.o
                0x00000000080036ee                PendSV_Handler
 .text.SysTick_Handler
                0x00000000080036f0        0xc Src/stm32f4xx_it.o
                0x00000000080036f0                SysTick_Handler
 .text.CAN1_RX0_IRQHandler
                0x00000000080036fc       0x10 Src/stm32f4xx_it.o
                0x00000000080036fc                CAN1_RX0_IRQHandler
 .text.OTG_FS_IRQHandler
                0x000000000800370c       0x10 Src/stm32f4xx_it.o
                0x000000000800370c                OTG_FS_IRQHandler
 .text.SystemInit
                0x000000000800371c       0x4c Src/system_stm32f4xx.o
                0x000000000800371c                SystemInit
 .text.MX_USB_DEVICE_Init
                0x0000000008003768       0x38 Src/usb_device.o
                0x0000000008003768                MX_USB_DEVICE_Init
 .text.CDC_DeInit_FS
                0x00000000080037a0        0x4 Src/usbd_cdc_if.o
 .text.CDC_Control_FS
                0x00000000080037a4        0x4 Src/usbd_cdc_if.o
 .text.CDC_Receive_FS
                0x00000000080037a8       0x1c Src/usbd_cdc_if.o
 .text.CDC_Init_FS
                0x00000000080037c4       0x28 Src/usbd_cdc_if.o
 .text.CDC_Transmit_FS
                0x00000000080037ec       0x2c Src/usbd_cdc_if.o
                0x00000000080037ec                CDC_Transmit_FS
 .text.HAL_PCD_MspInit
                0x0000000008003818       0x68 Src/usbd_conf.o
                0x0000000008003818                HAL_PCD_MspInit
 .text.HAL_PCD_SetupStageCallback
                0x0000000008003880       0x10 Src/usbd_conf.o
                0x0000000008003880                HAL_PCD_SetupStageCallback
 .text.HAL_PCD_DataOutStageCallback
                0x0000000008003890       0x18 Src/usbd_conf.o
                0x0000000008003890                HAL_PCD_DataOutStageCallback
 .text.HAL_PCD_DataInStageCallback
                0x00000000080038a8       0x16 Src/usbd_conf.o
                0x00000000080038a8                HAL_PCD_DataInStageCallback
 .text.HAL_PCD_SOFCallback
                0x00000000080038be        0xc Src/usbd_conf.o
                0x00000000080038be                HAL_PCD_SOFCallback
 .text.HAL_PCD_ResetCallback
                0x00000000080038ca       0x20 Src/usbd_conf.o
                0x00000000080038ca                HAL_PCD_ResetCallback
 *fill*         0x00000000080038ea        0x2 
 .text.HAL_PCD_SuspendCallback
                0x00000000080038ec       0x30 Src/usbd_conf.o
                0x00000000080038ec                HAL_PCD_SuspendCallback
 .text.HAL_PCD_ResumeCallback
                0x000000000800391c        0xc Src/usbd_conf.o
                0x000000000800391c                HAL_PCD_ResumeCallback
 .text.HAL_PCD_ISOOUTIncompleteCallback
                0x0000000008003928        0xc Src/usbd_conf.o
                0x0000000008003928                HAL_PCD_ISOOUTIncompleteCallback
 .text.HAL_PCD_ISOINIncompleteCallback
                0x0000000008003934        0xc Src/usbd_conf.o
                0x0000000008003934                HAL_PCD_ISOINIncompleteCallback
 .text.HAL_PCD_ConnectCallback
                0x0000000008003940        0xc Src/usbd_conf.o
                0x0000000008003940                HAL_PCD_ConnectCallback
 .text.HAL_PCD_DisconnectCallback
                0x000000000800394c        0xc Src/usbd_conf.o
                0x000000000800394c                HAL_PCD_DisconnectCallback
 .text.USBD_LL_Init
                0x0000000008003958       0x74 Src/usbd_conf.o
                0x0000000008003958                USBD_LL_Init
 .text.USBD_LL_Start
                0x00000000080039cc       0x1c Src/usbd_conf.o
                0x00000000080039cc                USBD_LL_Start
 .text.USBD_LL_OpenEP
                0x00000000080039e8       0x22 Src/usbd_conf.o
                0x00000000080039e8                USBD_LL_OpenEP
 .text.USBD_LL_CloseEP
                0x0000000008003a0a       0x1c Src/usbd_conf.o
                0x0000000008003a0a                USBD_LL_CloseEP
 .text.USBD_LL_StallEP
                0x0000000008003a26       0x1c Src/usbd_conf.o
                0x0000000008003a26                USBD_LL_StallEP
 .text.USBD_LL_ClearStallEP
                0x0000000008003a42       0x1c Src/usbd_conf.o
                0x0000000008003a42                USBD_LL_ClearStallEP
 .text.USBD_LL_IsStallEP
                0x0000000008003a5e       0x2e Src/usbd_conf.o
                0x0000000008003a5e                USBD_LL_IsStallEP
 .text.USBD_LL_SetUSBAddress
                0x0000000008003a8c       0x1c Src/usbd_conf.o
                0x0000000008003a8c                USBD_LL_SetUSBAddress
 .text.USBD_LL_Transmit
                0x0000000008003aa8       0x1c Src/usbd_conf.o
                0x0000000008003aa8                USBD_LL_Transmit
 .text.USBD_LL_PrepareReceive
                0x0000000008003ac4       0x1c Src/usbd_conf.o
                0x0000000008003ac4                USBD_LL_PrepareReceive
 .text.USBD_LL_GetRxDataSize
                0x0000000008003ae0        0xc Src/usbd_conf.o
                0x0000000008003ae0                USBD_LL_GetRxDataSize
 .text.USBD_FS_DeviceDescriptor
                0x0000000008003aec        0xc Src/usbd_desc.o
                0x0000000008003aec                USBD_FS_DeviceDescriptor
 .text.USBD_FS_LangIDStrDescriptor
                0x0000000008003af8        0xc Src/usbd_desc.o
                0x0000000008003af8                USBD_FS_LangIDStrDescriptor
 .text.USBD_FS_ProductStrDescriptor
                0x0000000008003b04       0x24 Src/usbd_desc.o
                0x0000000008003b04                USBD_FS_ProductStrDescriptor
 .text.USBD_FS_ManufacturerStrDescriptor
                0x0000000008003b28       0x1c Src/usbd_desc.o
                0x0000000008003b28                USBD_FS_ManufacturerStrDescriptor
 .text.USBD_FS_SerialStrDescriptor
                0x0000000008003b44       0x24 Src/usbd_desc.o
                0x0000000008003b44                USBD_FS_SerialStrDescriptor
 .text.USBD_FS_ConfigStrDescriptor
                0x0000000008003b68       0x24 Src/usbd_desc.o
                0x0000000008003b68                USBD_FS_ConfigStrDescriptor
 .text.USBD_FS_InterfaceStrDescriptor
                0x0000000008003b8c       0x24 Src/usbd_desc.o
                0x0000000008003b8c                USBD_FS_InterfaceStrDescriptor
 .text.Reset_Handler
                0x0000000008003bb0       0x50 startup/startup_stm32f407xx.o
                0x0000000008003bb0                Reset_Handler
 .text.Default_Handler
                0x0000000008003c00        0x2 startup/startup_stm32f407xx.o
                0x0000000008003c00                RTC_Alarm_IRQHandler
                0x0000000008003c00                HASH_RNG_IRQHandler
                0x0000000008003c00                EXTI2_IRQHandler
                0x0000000008003c00                TIM8_CC_IRQHandler
                0x0000000008003c00                DebugMon_Handler
                0x0000000008003c00                TIM1_CC_IRQHandler
                0x0000000008003c00                DMA2_Stream5_IRQHandler
                0x0000000008003c00                HardFault_Handler
                0x0000000008003c00                DMA1_Stream5_IRQHandler
                0x0000000008003c00                PVD_IRQHandler
                0x0000000008003c00                SDIO_IRQHandler
                0x0000000008003c00                TAMP_STAMP_IRQHandler
                0x0000000008003c00                NMI_Handler
                0x0000000008003c00                CAN2_RX1_IRQHandler
                0x0000000008003c00                EXTI3_IRQHandler
                0x0000000008003c00                TIM8_TRG_COM_TIM14_IRQHandler
                0x0000000008003c00                TIM1_UP_TIM10_IRQHandler
                0x0000000008003c00                TIM8_UP_TIM13_IRQHandler
                0x0000000008003c00                I2C3_ER_IRQHandler
                0x0000000008003c00                EXTI0_IRQHandler
                0x0000000008003c00                I2C2_EV_IRQHandler
                0x0000000008003c00                DMA1_Stream2_IRQHandler
                0x0000000008003c00                FPU_IRQHandler
                0x0000000008003c00                OTG_HS_WKUP_IRQHandler
                0x0000000008003c00                UsageFault_Handler
                0x0000000008003c00                CAN2_SCE_IRQHandler
                0x0000000008003c00                DMA2_Stream2_IRQHandler
                0x0000000008003c00                SPI1_IRQHandler
                0x0000000008003c00                TIM6_DAC_IRQHandler
                0x0000000008003c00                TIM1_BRK_TIM9_IRQHandler
                0x0000000008003c00                DCMI_IRQHandler
                0x0000000008003c00                CAN2_RX0_IRQHandler
                0x0000000008003c00                DMA2_Stream3_IRQHandler
                0x0000000008003c00                USART6_IRQHandler
                0x0000000008003c00                USART3_IRQHandler
                0x0000000008003c00                CAN1_RX1_IRQHandler
                0x0000000008003c00                UART5_IRQHandler
                0x0000000008003c00                DMA2_Stream0_IRQHandler
                0x0000000008003c00                TIM4_IRQHandler
                0x0000000008003c00                I2C1_EV_IRQHandler
                0x0000000008003c00                DMA1_Stream6_IRQHandler
                0x0000000008003c00                DMA1_Stream1_IRQHandler
                0x0000000008003c00                UART4_IRQHandler
                0x0000000008003c00                TIM3_IRQHandler
                0x0000000008003c00                RCC_IRQHandler
                0x0000000008003c00                TIM8_BRK_TIM12_IRQHandler
                0x0000000008003c00                Default_Handler
                0x0000000008003c00                EXTI15_10_IRQHandler
                0x0000000008003c00                ADC_IRQHandler
                0x0000000008003c00                DMA1_Stream7_IRQHandler
                0x0000000008003c00                TIM7_IRQHandler
                0x0000000008003c00                CAN2_TX_IRQHandler
                0x0000000008003c00                TIM5_IRQHandler
                0x0000000008003c00                DMA2_Stream7_IRQHandler
                0x0000000008003c00                I2C3_EV_IRQHandler
                0x0000000008003c00                EXTI9_5_IRQHandler
                0x0000000008003c00                RTC_WKUP_IRQHandler
                0x0000000008003c00                ETH_WKUP_IRQHandler
                0x0000000008003c00                SPI2_IRQHandler
                0x0000000008003c00                OTG_HS_EP1_IN_IRQHandler
                0x0000000008003c00                MemManage_Handler
                0x0000000008003c00                DMA1_Stream0_IRQHandler
                0x0000000008003c00                CAN1_TX_IRQHandler
                0x0000000008003c00                EXTI4_IRQHandler
                0x0000000008003c00                FSMC_IRQHandler
                0x0000000008003c00                ETH_IRQHandler
                0x0000000008003c00                OTG_HS_EP1_OUT_IRQHandler
                0x0000000008003c00                WWDG_IRQHandler
                0x0000000008003c00                TIM2_IRQHandler
                0x0000000008003c00                OTG_FS_WKUP_IRQHandler
                0x0000000008003c00                TIM1_TRG_COM_TIM11_IRQHandler
                0x0000000008003c00                OTG_HS_IRQHandler
                0x0000000008003c00                EXTI1_IRQHandler
                0x0000000008003c00                USART2_IRQHandler
                0x0000000008003c00                I2C2_ER_IRQHandler
                0x0000000008003c00                DMA2_Stream1_IRQHandler
                0x0000000008003c00                CAN1_SCE_IRQHandler
                0x0000000008003c00                FLASH_IRQHandler
                0x0000000008003c00                DMA2_Stream4_IRQHandler
                0x0000000008003c00                BusFault_Handler
                0x0000000008003c00                USART1_IRQHandler
                0x0000000008003c00                SPI3_IRQHandler
                0x0000000008003c00                DMA1_Stream4_IRQHandler
                0x0000000008003c00                I2C1_ER_IRQHandler
                0x0000000008003c00                DMA2_Stream6_IRQHandler
                0x0000000008003c00                DMA1_Stream3_IRQHandler
 *fill*         0x0000000008003c02        0x2 
 .text.__errno  0x0000000008003c04        0xc /home/louis/Ac6/SystemWorkbench/plugins/fr.ac6.mcu.externaltools.arm-none.linux64_1.15.0.201708311556/tools/compiler/bin/../lib/gcc/arm-none-eabi/6.3.1/../../../../arm-none-eabi/lib/thumb/v7e-m/fpv4-sp/hard/libc_nano.a(lib_a-errno.o)
                0x0000000008003c04                __errno
 .text.malloc   0x0000000008003c10       0x10 /home/louis/Ac6/SystemWorkbench/plugins/fr.ac6.mcu.externaltools.arm-none.linux64_1.15.0.201708311556/tools/compiler/bin/../lib/gcc/arm-none-eabi/6.3.1/../../../../arm-none-eabi/lib/thumb/v7e-m/fpv4-sp/hard/libc_nano.a(lib_a-malloc.o)
                0x0000000008003c10                malloc
 .text.free     0x0000000008003c20       0x10 /home/louis/Ac6/SystemWorkbench/plugins/fr.ac6.mcu.externaltools.arm-none.linux64_1.15.0.201708311556/tools/compiler/bin/../lib/gcc/arm-none-eabi/6.3.1/../../../../arm-none-eabi/lib/thumb/v7e-m/fpv4-sp/hard/libc_nano.a(lib_a-malloc.o)
                0x0000000008003c20                free
 .text._free_r  0x0000000008003c30       0x9c /home/louis/Ac6/SystemWorkbench/plugins/fr.ac6.mcu.externaltools.arm-none.linux64_1.15.0.201708311556/tools/compiler/bin/../lib/gcc/arm-none-eabi/6.3.1/../../../../arm-none-eabi/lib/thumb/v7e-m/fpv4-sp/hard/libc_nano.a(lib_a-nano-freer.o)
                0x0000000008003c30                _free_r
 .text._malloc_r
                0x0000000008003ccc       0xbc /home/louis/Ac6/SystemWorkbench/plugins/fr.ac6.mcu.externaltools.arm-none.linux64_1.15.0.201708311556/tools/compiler/bin/../lib/gcc/arm-none-eabi/6.3.1/../../../../arm-none-eabi/lib/thumb/v7e-m/fpv4-sp/hard/libc_nano.a(lib_a-nano-mallocr.o)
                0x0000000008003ccc                _malloc_r
 .text._sbrk_r  0x0000000008003d88       0x20 /home/louis/Ac6/SystemWorkbench/plugins/fr.ac6.mcu.externaltools.arm-none.linux64_1.15.0.201708311556/tools/compiler/bin/../lib/gcc/arm-none-eabi/6.3.1/../../../../arm-none-eabi/lib/thumb/v7e-m/fpv4-sp/hard/libc_nano.a(lib_a-sbrkr.o)
                0x0000000008003d88                _sbrk_r
 .text.__malloc_lock
                0x0000000008003da8        0x2 /home/louis/Ac6/SystemWorkbench/plugins/fr.ac6.mcu.externaltools.arm-none.linux64_1.15.0.201708311556/tools/compiler/bin/../lib/gcc/arm-none-eabi/6.3.1/../../../../arm-none-eabi/lib/thumb/v7e-m/fpv4-sp/hard/libc_nano.a(lib_a-mlock.o)
                0x0000000008003da8                __malloc_lock
 .text.__malloc_unlock
                0x0000000008003daa        0x2 /home/louis/Ac6/SystemWorkbench/plugins/fr.ac6.mcu.externaltools.arm-none.linux64_1.15.0.201708311556/tools/compiler/bin/../lib/gcc/arm-none-eabi/6.3.1/../../../../arm-none-eabi/lib/thumb/v7e-m/fpv4-sp/hard/libc_nano.a(lib_a-mlock.o)
                0x0000000008003daa                __malloc_unlock
 *(.glue_7)
 .glue_7        0x0000000008003dac        0x0 linker stubs
 *(.glue_7t)
 .glue_7t       0x0000000008003dac        0x0 linker stubs
 *(.eh_frame)
 .eh_frame      0x0000000008003dac        0x0 /home/louis/Ac6/SystemWorkbench/plugins/fr.ac6.mcu.externaltools.arm-none.linux64_1.15.0.201708311556/tools/compiler/bin/../lib/gcc/arm-none-eabi/6.3.1/thumb/v7e-m/fpv4-sp/hard/crtbegin.o
 *(.init)
 .init          0x0000000008003dac        0x4 /home/louis/Ac6/SystemWorkbench/plugins/fr.ac6.mcu.externaltools.arm-none.linux64_1.15.0.201708311556/tools/compiler/bin/../lib/gcc/arm-none-eabi/6.3.1/thumb/v7e-m/fpv4-sp/hard/crti.o
                0x0000000008003dac                _init
 .init          0x0000000008003db0        0x8 /home/louis/Ac6/SystemWorkbench/plugins/fr.ac6.mcu.externaltools.arm-none.linux64_1.15.0.201708311556/tools/compiler/bin/../lib/gcc/arm-none-eabi/6.3.1/thumb/v7e-m/fpv4-sp/hard/crtn.o
 *(.fini)
 .fini          0x0000000008003db8        0x4 /home/louis/Ac6/SystemWorkbench/plugins/fr.ac6.mcu.externaltools.arm-none.linux64_1.15.0.201708311556/tools/compiler/bin/../lib/gcc/arm-none-eabi/6.3.1/thumb/v7e-m/fpv4-sp/hard/crti.o
                0x0000000008003db8                _fini
 .fini          0x0000000008003dbc        0x8 /home/louis/Ac6/SystemWorkbench/plugins/fr.ac6.mcu.externaltools.arm-none.linux64_1.15.0.201708311556/tools/compiler/bin/../lib/gcc/arm-none-eabi/6.3.1/thumb/v7e-m/fpv4-sp/hard/crtn.o
                0x0000000008003dc4                . = ALIGN (0x4)
                0x0000000008003dc4                _etext = .

.vfp11_veneer   0x0000000008003dc4        0x0
 .vfp11_veneer  0x0000000008003dc4        0x0 linker stubs

.v4_bx          0x0000000008003dc4        0x0
 .v4_bx         0x0000000008003dc4        0x0 linker stubs

.iplt           0x0000000008003dc4        0x0
 .iplt          0x0000000008003dc4        0x0 /home/louis/Ac6/SystemWorkbench/plugins/fr.ac6.mcu.externaltools.arm-none.linux64_1.15.0.201708311556/tools/compiler/bin/../lib/gcc/arm-none-eabi/6.3.1/thumb/v7e-m/fpv4-sp/hard/crtbegin.o

.rodata         0x0000000008003dc4       0xf4
                0x0000000008003dc4                . = ALIGN (0x4)
 *(.rodata)
 .rodata        0x0000000008003dc4       0x18 Src/system_stm32f4xx.o
                0x0000000008003dc4                AHBPrescTable
                0x0000000008003dd4                APBPrescTable
 *(.rodata*)
 .rodata.str1.4
                0x0000000008003ddc       0x10 Src/LLInit.o
 .rodata.str1.4
                0x0000000008003dec       0x13 Src/usbd_conf.o
 *fill*         0x0000000008003dff        0x1 
 .rodata.str1.4
                0x0000000008003e00       0x58 Src/usbd_desc.o
                                         0x56 (size before relaxing)
 .rodata.__sf_fake_stderr
                0x0000000008003e58       0x20 /home/louis/Ac6/SystemWorkbench/plugins/fr.ac6.mcu.externaltools.arm-none.linux64_1.15.0.201708311556/tools/compiler/bin/../lib/gcc/arm-none-eabi/6.3.1/../../../../arm-none-eabi/lib/thumb/v7e-m/fpv4-sp/hard/libc_nano.a(lib_a-findfp.o)
                0x0000000008003e58                __sf_fake_stderr
 .rodata.__sf_fake_stdin
                0x0000000008003e78       0x20 /home/louis/Ac6/SystemWorkbench/plugins/fr.ac6.mcu.externaltools.arm-none.linux64_1.15.0.201708311556/tools/compiler/bin/../lib/gcc/arm-none-eabi/6.3.1/../../../../arm-none-eabi/lib/thumb/v7e-m/fpv4-sp/hard/libc_nano.a(lib_a-findfp.o)
                0x0000000008003e78                __sf_fake_stdin
 .rodata.__sf_fake_stdout
                0x0000000008003e98       0x20 /home/louis/Ac6/SystemWorkbench/plugins/fr.ac6.mcu.externaltools.arm-none.linux64_1.15.0.201708311556/tools/compiler/bin/../lib/gcc/arm-none-eabi/6.3.1/../../../../arm-none-eabi/lib/thumb/v7e-m/fpv4-sp/hard/libc_nano.a(lib_a-findfp.o)
                0x0000000008003e98                __sf_fake_stdout
                0x0000000008003eb8                . = ALIGN (0x4)

.rel.dyn        0x0000000008003eb8        0x0
 .rel.iplt      0x0000000008003eb8        0x0 /home/louis/Ac6/SystemWorkbench/plugins/fr.ac6.mcu.externaltools.arm-none.linux64_1.15.0.201708311556/tools/compiler/bin/../lib/gcc/arm-none-eabi/6.3.1/thumb/v7e-m/fpv4-sp/hard/crtbegin.o

.ARM.extab
 *(.ARM.extab* .gnu.linkonce.armextab.*)

.ARM            0x0000000008003eb8        0x0
                0x0000000008003eb8                __exidx_start = .
 *(.ARM.exidx*)
                0x0000000008003eb8                __exidx_end = .

.preinit_array  0x0000000008003eb8        0x0
                0x0000000008003eb8                PROVIDE (__preinit_array_start, .)
 *(.preinit_array*)
                0x0000000008003eb8                PROVIDE (__preinit_array_end, .)

.init_array     0x0000000008003eb8        0x4
                0x0000000008003eb8                PROVIDE (__init_array_start, .)
 *(SORT(.init_array.*))
 *(.init_array*)
 .init_array    0x0000000008003eb8        0x4 /home/louis/Ac6/SystemWorkbench/plugins/fr.ac6.mcu.externaltools.arm-none.linux64_1.15.0.201708311556/tools/compiler/bin/../lib/gcc/arm-none-eabi/6.3.1/thumb/v7e-m/fpv4-sp/hard/crtbegin.o
                0x0000000008003ebc                PROVIDE (__init_array_end, .)

.fini_array     0x0000000008003ebc        0x4
                [!provide]                        PROVIDE (__fini_array_start, .)
 *(SORT(.fini_array.*))
 *(.fini_array*)
 .fini_array    0x0000000008003ebc        0x4 /home/louis/Ac6/SystemWorkbench/plugins/fr.ac6.mcu.externaltools.arm-none.linux64_1.15.0.201708311556/tools/compiler/bin/../lib/gcc/arm-none-eabi/6.3.1/thumb/v7e-m/fpv4-sp/hard/crtbegin.o
                [!provide]                        PROVIDE (__fini_array_end, .)
                0x0000000008003ec0                _sidata = LOADADDR (.data)

.data           0x0000000020000000      0x1c0 load address 0x0000000008003ec0
                0x0000000020000000                . = ALIGN (0x4)
                0x0000000020000000                _sdata = .
 *(.data)
 .data          0x0000000020000000      0x110 Middlewares/ST/STM32_USB_Device_Library/Class/CDC/Src/usbd_cdc.o
                0x0000000020000000                USBD_CDC_CfgFSDesc
                0x0000000020000044                USBD_CDC_CfgHSDesc
                0x0000000020000088                USBD_CDC_OtherSpeedCfgDesc
                0x00000000200000d8                USBD_CDC
 .data          0x0000000020000110        0x4 Src/system_stm32f4xx.o
                0x0000000020000110                SystemCoreClock
 .data          0x0000000020000114       0x10 Src/usbd_cdc_if.o
                0x0000000020000114                USBD_Interface_fops_FS
 .data          0x0000000020000124       0x34 Src/usbd_desc.o
                0x0000000020000124                USBD_FS_DeviceDesc
                0x0000000020000138                USBD_LangIDDesc
                0x000000002000013c                FS_Desc
 *(.data*)
 .data._impure_ptr
                0x0000000020000158        0x4 /home/louis/Ac6/SystemWorkbench/plugins/fr.ac6.mcu.externaltools.arm-none.linux64_1.15.0.201708311556/tools/compiler/bin/../lib/gcc/arm-none-eabi/6.3.1/../../../../arm-none-eabi/lib/thumb/v7e-m/fpv4-sp/hard/libc_nano.a(lib_a-impure.o)
                0x0000000020000158                _impure_ptr
 .data.impure_data
                0x000000002000015c       0x60 /home/louis/Ac6/SystemWorkbench/plugins/fr.ac6.mcu.externaltools.arm-none.linux64_1.15.0.201708311556/tools/compiler/bin/../lib/gcc/arm-none-eabi/6.3.1/../../../../arm-none-eabi/lib/thumb/v7e-m/fpv4-sp/hard/libc_nano.a(lib_a-impure.o)
 .data.__heap_limit
                0x00000000200001bc        0x4 /home/louis/Ac6/SystemWorkbench/plugins/fr.ac6.mcu.externaltools.arm-none.linux64_1.15.0.201708311556/tools/compiler/bin/../lib/gcc/arm-none-eabi/6.3.1/../../../../arm-none-eabi/lib/thumb/v7e-m/fpv4-sp/hard/librdimon_nano.a(rdimon-syscalls.o)
                0x00000000200001bc                __heap_limit
                0x00000000200001c0                . = ALIGN (0x4)
                0x00000000200001c0                _edata = .
                0x0000000008004080                _siccmram = LOADADDR (.ccmram)

.jcr            0x00000000200001c0        0x0 load address 0x0000000008004080
 .jcr           0x00000000200001c0        0x0 /home/louis/Ac6/SystemWorkbench/plugins/fr.ac6.mcu.externaltools.arm-none.linux64_1.15.0.201708311556/tools/compiler/bin/../lib/gcc/arm-none-eabi/6.3.1/thumb/v7e-m/fpv4-sp/hard/crtbegin.o

.igot.plt       0x00000000200001c0        0x0 load address 0x0000000008004080
 .igot.plt      0x00000000200001c0        0x0 /home/louis/Ac6/SystemWorkbench/plugins/fr.ac6.mcu.externaltools.arm-none.linux64_1.15.0.201708311556/tools/compiler/bin/../lib/gcc/arm-none-eabi/6.3.1/thumb/v7e-m/fpv4-sp/hard/crtbegin.o

.ccmram         0x0000000010000000        0x0 load address 0x0000000008004080
                0x0000000010000000                . = ALIGN (0x4)
                0x0000000010000000                _sccmram = .
 *(.ccmram)
 *(.ccmram*)
                0x0000000010000000                . = ALIGN (0x4)
                0x0000000010000000                _eccmram = .
                0x0000000010000000                . = ALIGN (0x4)

.bss            0x00000000200001c0     0x19ac
                0x00000000200001c0                _sbss = .
                0x00000000200001c0                __bss_start__ = _sbss
 *(.bss)
 .bss           0x00000000200001c0       0x1c /home/louis/Ac6/SystemWorkbench/plugins/fr.ac6.mcu.externaltools.arm-none.linux64_1.15.0.201708311556/tools/compiler/bin/../lib/gcc/arm-none-eabi/6.3.1/thumb/v7e-m/fpv4-sp/hard/crtbegin.o
 .bss           0x00000000200001dc        0x1 Middlewares/ST/STM32_USB_Device_Library/Class/CDC/Src/usbd_cdc.o
 .bss           0x00000000200001dd        0x1 Middlewares/ST/STM32_USB_Device_Library/Core/Src/usbd_ctlreq.o
 .bss           0x00000000200001de        0x2 Src/main.o
                0x00000000200001de                i
 *(.bss*)
 .bss.heap_end.7284
                0x00000000200001e0        0x4 /home/louis/Ac6/SystemWorkbench/plugins/fr.ac6.mcu.externaltools.arm-none.linux64_1.15.0.201708311556/tools/compiler/bin/../lib/gcc/arm-none-eabi/6.3.1/../../../../arm-none-eabi/lib/thumb/v7e-m/fpv4-sp/hard/librdimon_nano.a(rdimon-syscalls.o)
 .bss.__malloc_free_list
                0x00000000200001e4        0x4 /home/louis/Ac6/SystemWorkbench/plugins/fr.ac6.mcu.externaltools.arm-none.linux64_1.15.0.201708311556/tools/compiler/bin/../lib/gcc/arm-none-eabi/6.3.1/../../../../arm-none-eabi/lib/thumb/v7e-m/fpv4-sp/hard/libc_nano.a(lib_a-nano-mallocr.o)
                0x00000000200001e4                __malloc_free_list
 .bss.__malloc_sbrk_start
                0x00000000200001e8        0x4 /home/louis/Ac6/SystemWorkbench/plugins/fr.ac6.mcu.externaltools.arm-none.linux64_1.15.0.201708311556/tools/compiler/bin/../lib/gcc/arm-none-eabi/6.3.1/../../../../arm-none-eabi/lib/thumb/v7e-m/fpv4-sp/hard/libc_nano.a(lib_a-nano-mallocr.o)
                0x00000000200001e8                __malloc_sbrk_start
 *(COMMON)
 COMMON         0x00000000200001ec        0x4 Drivers/STM32F4xx_HAL_Driver/Src/stm32f4xx_hal.o
                0x00000000200001ec                uwTick
 COMMON         0x00000000200001f0       0xcc Src/LLInit.o
                0x00000000200001f0                CAN1_RxMessage
                0x0000000020000214                hadc1
                0x000000002000025c                CAN1_TxMessage
                0x0000000020000278                hcan1
 COMMON         0x00000000200002bc       0x14 Src/can.o
                0x00000000200002bc                canRX
                0x00000000200002c4                RxData
                0x00000000200002c8                canTX
 COMMON         0x00000000200002d0       0x84 Src/main.o
                0x00000000200002d0                pulse_length
                0x00000000200002d4                htim3
                0x0000000020000310                receive_data
                0x0000000020000350                tickstart
 COMMON         0x0000000020000354      0x224 Src/usb_device.o
                0x0000000020000354                hUsbDeviceFS
 COMMON         0x0000000020000578     0x1000 Src/usbd_cdc_if.o
                0x0000000020000578                UserRxBufferFS
                0x0000000020000d78                UserTxBufferFS
 COMMON         0x0000000020001578      0x3f0 Src/usbd_conf.o
                0x0000000020001578                hpcd_USB_OTG_FS
 COMMON         0x0000000020001968      0x200 Src/usbd_desc.o
                0x0000000020001968                USBD_StrDesc
 COMMON         0x0000000020001b68        0x4 /home/louis/Ac6/SystemWorkbench/plugins/fr.ac6.mcu.externaltools.arm-none.linux64_1.15.0.201708311556/tools/compiler/bin/../lib/gcc/arm-none-eabi/6.3.1/../../../../arm-none-eabi/lib/thumb/v7e-m/fpv4-sp/hard/libc_nano.a(lib_a-reent.o)
                0x0000000020001b68                errno
                0x0000000020001b6c                . = ALIGN (0x4)
                0x0000000020001b6c                _ebss = .
                0x0000000020001b6c                __bss_end__ = _ebss

._user_heap_stack
                0x0000000020001b6c     0x4004
                0x0000000020001b70                . = ALIGN (0x8)
 *fill*         0x0000000020001b6c        0x4 
                0x0000000020001b70                PROVIDE (end, .)
                [!provide]                        PROVIDE (_end, .)
                0x0000000020003b70                . = (. + _Min_Heap_Size)
 *fill*         0x0000000020001b70     0x2000 
                0x0000000020005b70                . = (. + _Min_Stack_Size)
 *fill*         0x0000000020003b70     0x2000 
                0x0000000020005b70                . = ALIGN (0x8)

/DISCARD/
 libc.a(*)
 libm.a(*)
 libgcc.a(*)

.ARM.attributes
                0x0000000000000000       0x30
 *(.ARM.attributes)
 .ARM.attributes
                0x0000000000000000       0x22 /home/louis/Ac6/SystemWorkbench/plugins/fr.ac6.mcu.externaltools.arm-none.linux64_1.15.0.201708311556/tools/compiler/bin/../lib/gcc/arm-none-eabi/6.3.1/thumb/v7e-m/fpv4-sp/hard/crti.o
 .ARM.attributes
                0x0000000000000022       0x34 /home/louis/Ac6/SystemWorkbench/plugins/fr.ac6.mcu.externaltools.arm-none.linux64_1.15.0.201708311556/tools/compiler/bin/../lib/gcc/arm-none-eabi/6.3.1/thumb/v7e-m/fpv4-sp/hard/crtbegin.o
 .ARM.attributes
                0x0000000000000056       0x34 /home/louis/Ac6/SystemWorkbench/plugins/fr.ac6.mcu.externaltools.arm-none.linux64_1.15.0.201708311556/tools/compiler/bin/../lib/gcc/arm-none-eabi/6.3.1/../../../../arm-none-eabi/lib/thumb/v7e-m/fpv4-sp/hard/libc_nano.a(lib_a-impure.o)
 .ARM.attributes
                0x000000000000008a       0x34 /home/louis/Ac6/SystemWorkbench/plugins/fr.ac6.mcu.externaltools.arm-none.linux64_1.15.0.201708311556/tools/compiler/bin/../lib/gcc/arm-none-eabi/6.3.1/../../../../arm-none-eabi/lib/thumb/v7e-m/fpv4-sp/hard/libc_nano.a(lib_a-init.o)
 .ARM.attributes
                0x00000000000000be       0x34 /home/louis/Ac6/SystemWorkbench/plugins/fr.ac6.mcu.externaltools.arm-none.linux64_1.15.0.201708311556/tools/compiler/bin/../lib/gcc/arm-none-eabi/6.3.1/../../../../arm-none-eabi/lib/thumb/v7e-m/fpv4-sp/hard/librdimon_nano.a(rdimon-syscalls.o)
 .ARM.attributes
                0x00000000000000f2       0x39 Drivers/STM32F4xx_HAL_Driver/Src/stm32f4xx_hal.o
 .ARM.attributes
                0x000000000000012b       0x39 Drivers/STM32F4xx_HAL_Driver/Src/stm32f4xx_hal_can.o
 .ARM.attributes
                0x0000000000000164       0x39 Drivers/STM32F4xx_HAL_Driver/Src/stm32f4xx_hal_cortex.o
 .ARM.attributes
                0x000000000000019d       0x39 Drivers/STM32F4xx_HAL_Driver/Src/stm32f4xx_hal_gpio.o
 .ARM.attributes
                0x00000000000001d6       0x39 Drivers/STM32F4xx_HAL_Driver/Src/stm32f4xx_hal_pcd.o
 .ARM.attributes
                0x000000000000020f       0x39 Drivers/STM32F4xx_HAL_Driver/Src/stm32f4xx_hal_pcd_ex.o
 .ARM.attributes
                0x0000000000000248       0x39 Drivers/STM32F4xx_HAL_Driver/Src/stm32f4xx_hal_rcc.o
 .ARM.attributes
                0x0000000000000281       0x39 Drivers/STM32F4xx_HAL_Driver/Src/stm32f4xx_ll_usb.o
 .ARM.attributes
                0x00000000000002ba       0x39 Middlewares/ST/STM32_USB_Device_Library/Class/CDC/Src/usbd_cdc.o
 .ARM.attributes
                0x00000000000002f3       0x39 Middlewares/ST/STM32_USB_Device_Library/Core/Src/usbd_core.o
 .ARM.attributes
                0x000000000000032c       0x39 Middlewares/ST/STM32_USB_Device_Library/Core/Src/usbd_ctlreq.o
 .ARM.attributes
                0x0000000000000365       0x39 Middlewares/ST/STM32_USB_Device_Library/Core/Src/usbd_ioreq.o
 .ARM.attributes
                0x000000000000039e       0x39 Src/LLInit.o
 .ARM.attributes
                0x00000000000003d7       0x39 Src/can.o
 .ARM.attributes
                0x0000000000000410       0x39 Src/main.o
 .ARM.attributes
                0x0000000000000449       0x39 Src/stm32f4xx_hal_msp.o
 .ARM.attributes
                0x0000000000000482       0x39 Src/stm32f4xx_it.o
 .ARM.attributes
                0x00000000000004bb       0x39 Src/system_stm32f4xx.o
 .ARM.attributes
                0x00000000000004f4       0x39 Src/usb_device.o
 .ARM.attributes
                0x000000000000052d       0x39 Src/usbd_cdc_if.o
 .ARM.attributes
                0x0000000000000566       0x39 Src/usbd_conf.o
 .ARM.attributes
                0x000000000000059f       0x39 Src/usbd_desc.o
 .ARM.attributes
                0x00000000000005d8       0x21 startup/startup_stm32f407xx.o
 .ARM.attributes
                0x00000000000005f9       0x34 /home/louis/Ac6/SystemWorkbench/plugins/fr.ac6.mcu.externaltools.arm-none.linux64_1.15.0.201708311556/tools/compiler/bin/../lib/gcc/arm-none-eabi/6.3.1/../../../../arm-none-eabi/lib/thumb/v7e-m/fpv4-sp/hard/libc_nano.a(lib_a-errno.o)
 .ARM.attributes
                0x000000000000062d       0x34 /home/louis/Ac6/SystemWorkbench/plugins/fr.ac6.mcu.externaltools.arm-none.linux64_1.15.0.201708311556/tools/compiler/bin/../lib/gcc/arm-none-eabi/6.3.1/../../../../arm-none-eabi/lib/thumb/v7e-m/fpv4-sp/hard/libc_nano.a(lib_a-findfp.o)
 .ARM.attributes
                0x0000000000000661       0x34 /home/louis/Ac6/SystemWorkbench/plugins/fr.ac6.mcu.externaltools.arm-none.linux64_1.15.0.201708311556/tools/compiler/bin/../lib/gcc/arm-none-eabi/6.3.1/../../../../arm-none-eabi/lib/thumb/v7e-m/fpv4-sp/hard/libc_nano.a(lib_a-malloc.o)
 .ARM.attributes
                0x0000000000000695       0x34 /home/louis/Ac6/SystemWorkbench/plugins/fr.ac6.mcu.externaltools.arm-none.linux64_1.15.0.201708311556/tools/compiler/bin/../lib/gcc/arm-none-eabi/6.3.1/../../../../arm-none-eabi/lib/thumb/v7e-m/fpv4-sp/hard/libc_nano.a(lib_a-nano-freer.o)
 .ARM.attributes
                0x00000000000006c9       0x34 /home/louis/Ac6/SystemWorkbench/plugins/fr.ac6.mcu.externaltools.arm-none.linux64_1.15.0.201708311556/tools/compiler/bin/../lib/gcc/arm-none-eabi/6.3.1/../../../../arm-none-eabi/lib/thumb/v7e-m/fpv4-sp/hard/libc_nano.a(lib_a-nano-mallocr.o)
 .ARM.attributes
                0x00000000000006fd       0x34 /home/louis/Ac6/SystemWorkbench/plugins/fr.ac6.mcu.externaltools.arm-none.linux64_1.15.0.201708311556/tools/compiler/bin/../lib/gcc/arm-none-eabi/6.3.1/../../../../arm-none-eabi/lib/thumb/v7e-m/fpv4-sp/hard/libc_nano.a(lib_a-sbrkr.o)
 .ARM.attributes
                0x0000000000000731       0x34 /home/louis/Ac6/SystemWorkbench/plugins/fr.ac6.mcu.externaltools.arm-none.linux64_1.15.0.201708311556/tools/compiler/bin/../lib/gcc/arm-none-eabi/6.3.1/../../../../arm-none-eabi/lib/thumb/v7e-m/fpv4-sp/hard/libc_nano.a(lib_a-mlock.o)
 .ARM.attributes
                0x0000000000000765       0x34 /home/louis/Ac6/SystemWorkbench/plugins/fr.ac6.mcu.externaltools.arm-none.linux64_1.15.0.201708311556/tools/compiler/bin/../lib/gcc/arm-none-eabi/6.3.1/../../../../arm-none-eabi/lib/thumb/v7e-m/fpv4-sp/hard/libc_nano.a(lib_a-reent.o)
 .ARM.attributes
                0x0000000000000799       0x22 /home/louis/Ac6/SystemWorkbench/plugins/fr.ac6.mcu.externaltools.arm-none.linux64_1.15.0.201708311556/tools/compiler/bin/../lib/gcc/arm-none-eabi/6.3.1/thumb/v7e-m/fpv4-sp/hard/crtn.o
OUTPUT(Auto_Tractor_CAN_Interrupt.elf elf32-littlearm)

.debug_frame    0x0000000000000000     0x20f0
 .debug_frame   0x0000000000000000       0x2c /home/louis/Ac6/SystemWorkbench/plugins/fr.ac6.mcu.externaltools.arm-none.linux64_1.15.0.201708311556/tools/compiler/bin/../lib/gcc/arm-none-eabi/6.3.1/../../../../arm-none-eabi/lib/thumb/v7e-m/fpv4-sp/hard/libc_nano.a(lib_a-init.o)
 .debug_frame   0x000000000000002c      0x33c /home/louis/Ac6/SystemWorkbench/plugins/fr.ac6.mcu.externaltools.arm-none.linux64_1.15.0.201708311556/tools/compiler/bin/../lib/gcc/arm-none-eabi/6.3.1/../../../../arm-none-eabi/lib/thumb/v7e-m/fpv4-sp/hard/librdimon_nano.a(rdimon-syscalls.o)
 .debug_frame   0x0000000000000368      0x198 Drivers/STM32F4xx_HAL_Driver/Src/stm32f4xx_hal.o
 .debug_frame   0x0000000000000500      0x204 Drivers/STM32F4xx_HAL_Driver/Src/stm32f4xx_hal_can.o
 .debug_frame   0x0000000000000704      0x15c Drivers/STM32F4xx_HAL_Driver/Src/stm32f4xx_hal_cortex.o
 .debug_frame   0x0000000000000860       0xd0 Drivers/STM32F4xx_HAL_Driver/Src/stm32f4xx_hal_gpio.o
 .debug_frame   0x0000000000000930      0x2e8 Drivers/STM32F4xx_HAL_Driver/Src/stm32f4xx_hal_pcd.o
 .debug_frame   0x0000000000000c18       0x3c Drivers/STM32F4xx_HAL_Driver/Src/stm32f4xx_hal_pcd_ex.o
 .debug_frame   0x0000000000000c54      0x13c Drivers/STM32F4xx_HAL_Driver/Src/stm32f4xx_hal_rcc.o
 .debug_frame   0x0000000000000d90      0x49c Drivers/STM32F4xx_HAL_Driver/Src/stm32f4xx_ll_usb.o
 .debug_frame   0x000000000000122c      0x14c Middlewares/ST/STM32_USB_Device_Library/Class/CDC/Src/usbd_cdc.o
 .debug_frame   0x0000000000001378      0x1bc Middlewares/ST/STM32_USB_Device_Library/Core/Src/usbd_core.o
 .debug_frame   0x0000000000001534      0x178 Middlewares/ST/STM32_USB_Device_Library/Core/Src/usbd_ctlreq.o
 .debug_frame   0x00000000000016ac       0xb8 Middlewares/ST/STM32_USB_Device_Library/Core/Src/usbd_ioreq.o
 .debug_frame   0x0000000000001764       0xa0 Src/LLInit.o
 .debug_frame   0x0000000000001804       0x6c Src/can.o
 .debug_frame   0x0000000000001870       0xc4 Src/main.o
 .debug_frame   0x0000000000001934       0x94 Src/stm32f4xx_hal_msp.o
 .debug_frame   0x00000000000019c8       0x78 Src/stm32f4xx_it.o
 .debug_frame   0x0000000000001a40       0x30 Src/system_stm32f4xx.o
 .debug_frame   0x0000000000001a70       0x28 Src/usb_device.o
 .debug_frame   0x0000000000001a98       0x78 Src/usbd_cdc_if.o
 .debug_frame   0x0000000000001b10      0x2b0 Src/usbd_conf.o
 .debug_frame   0x0000000000001dc0       0xa8 Src/usbd_desc.o
 .debug_frame   0x0000000000001e68       0x20 /home/louis/Ac6/SystemWorkbench/plugins/fr.ac6.mcu.externaltools.arm-none.linux64_1.15.0.201708311556/tools/compiler/bin/../lib/gcc/arm-none-eabi/6.3.1/../../../../arm-none-eabi/lib/thumb/v7e-m/fpv4-sp/hard/libc_nano.a(lib_a-errno.o)
 .debug_frame   0x0000000000001e88      0x11c /home/louis/Ac6/SystemWorkbench/plugins/fr.ac6.mcu.externaltools.arm-none.linux64_1.15.0.201708311556/tools/compiler/bin/../lib/gcc/arm-none-eabi/6.3.1/../../../../arm-none-eabi/lib/thumb/v7e-m/fpv4-sp/hard/libc_nano.a(lib_a-findfp.o)
 .debug_frame   0x0000000000001fa4       0x30 /home/louis/Ac6/SystemWorkbench/plugins/fr.ac6.mcu.externaltools.arm-none.linux64_1.15.0.201708311556/tools/compiler/bin/../lib/gcc/arm-none-eabi/6.3.1/../../../../arm-none-eabi/lib/thumb/v7e-m/fpv4-sp/hard/libc_nano.a(lib_a-malloc.o)
 .debug_frame   0x0000000000001fd4       0x38 /home/louis/Ac6/SystemWorkbench/plugins/fr.ac6.mcu.externaltools.arm-none.linux64_1.15.0.201708311556/tools/compiler/bin/../lib/gcc/arm-none-eabi/6.3.1/../../../../arm-none-eabi/lib/thumb/v7e-m/fpv4-sp/hard/libc_nano.a(lib_a-nano-freer.o)
 .debug_frame   0x000000000000200c       0x2c /home/louis/Ac6/SystemWorkbench/plugins/fr.ac6.mcu.externaltools.arm-none.linux64_1.15.0.201708311556/tools/compiler/bin/../lib/gcc/arm-none-eabi/6.3.1/../../../../arm-none-eabi/lib/thumb/v7e-m/fpv4-sp/hard/libc_nano.a(lib_a-nano-mallocr.o)
 .debug_frame   0x0000000000002038       0x2c /home/louis/Ac6/SystemWorkbench/plugins/fr.ac6.mcu.externaltools.arm-none.linux64_1.15.0.201708311556/tools/compiler/bin/../lib/gcc/arm-none-eabi/6.3.1/../../../../arm-none-eabi/lib/thumb/v7e-m/fpv4-sp/hard/libc_nano.a(lib_a-sbrkr.o)
 .debug_frame   0x0000000000002064       0x30 /home/louis/Ac6/SystemWorkbench/plugins/fr.ac6.mcu.externaltools.arm-none.linux64_1.15.0.201708311556/tools/compiler/bin/../lib/gcc/arm-none-eabi/6.3.1/../../../../arm-none-eabi/lib/thumb/v7e-m/fpv4-sp/hard/libc_nano.a(lib_a-mlock.o)
 .debug_frame   0x0000000000002094       0x5c /home/louis/Ac6/SystemWorkbench/plugins/fr.ac6.mcu.externaltools.arm-none.linux64_1.15.0.201708311556/tools/compiler/bin/../lib/gcc/arm-none-eabi/6.3.1/../../../../arm-none-eabi/lib/thumb/v7e-m/fpv4-sp/hard/libc_nano.a(lib_a-reent.o)

.debug_info     0x0000000000000000    0x1df97
 .debug_info    0x0000000000000000     0x119e Drivers/STM32F4xx_HAL_Driver/Src/stm32f4xx_hal.o
 .debug_info    0x000000000000119e     0x14a1 Drivers/STM32F4xx_HAL_Driver/Src/stm32f4xx_hal_can.o
 .debug_info    0x000000000000263f     0x175a Drivers/STM32F4xx_HAL_Driver/Src/stm32f4xx_hal_cortex.o
 .debug_info    0x0000000000003d99      0xf97 Drivers/STM32F4xx_HAL_Driver/Src/stm32f4xx_hal_gpio.o
 .debug_info    0x0000000000004d30     0x1ca5 Drivers/STM32F4xx_HAL_Driver/Src/stm32f4xx_hal_pcd.o
 .debug_info    0x00000000000069d5      0xdd9 Drivers/STM32F4xx_HAL_Driver/Src/stm32f4xx_hal_pcd_ex.o
 .debug_info    0x00000000000077ae     0x1500 Drivers/STM32F4xx_HAL_Driver/Src/stm32f4xx_hal_rcc.o
 .debug_info    0x0000000000008cae     0x1f1c Drivers/STM32F4xx_HAL_Driver/Src/stm32f4xx_ll_usb.o
 .debug_info    0x000000000000abca     0x158a Middlewares/ST/STM32_USB_Device_Library/Class/CDC/Src/usbd_cdc.o
 .debug_info    0x000000000000c154     0x1490 Middlewares/ST/STM32_USB_Device_Library/Core/Src/usbd_core.o
 .debug_info    0x000000000000d5e4     0x1666 Middlewares/ST/STM32_USB_Device_Library/Core/Src/usbd_ctlreq.o
 .debug_info    0x000000000000ec4a      0xfd9 Middlewares/ST/STM32_USB_Device_Library/Core/Src/usbd_ioreq.o
 .debug_info    0x000000000000fc23     0x2190 Src/LLInit.o
 .debug_info    0x0000000000011db3     0x19b3 Src/can.o
 .debug_info    0x0000000000013766     0x1eb7 Src/main.o
 .debug_info    0x000000000001561d     0x1a13 Src/stm32f4xx_hal_msp.o
 .debug_info    0x0000000000017030     0x128a Src/stm32f4xx_it.o
 .debug_info    0x00000000000182ba      0xd30 Src/system_stm32f4xx.o
 .debug_info    0x0000000000018fea      0xe91 Src/usb_device.o
 .debug_info    0x0000000000019e7b     0x10ae Src/usbd_cdc_if.o
 .debug_info    0x000000000001af29     0x2293 Src/usbd_conf.o
 .debug_info    0x000000000001d1bc      0xd5f Src/usbd_desc.o
 .debug_info    0x000000000001df1b       0x7c startup/startup_stm32f407xx.o

.debug_abbrev   0x0000000000000000     0x3cac
 .debug_abbrev  0x0000000000000000      0x347 Drivers/STM32F4xx_HAL_Driver/Src/stm32f4xx_hal.o
 .debug_abbrev  0x0000000000000347      0x2eb Drivers/STM32F4xx_HAL_Driver/Src/stm32f4xx_hal_can.o
 .debug_abbrev  0x0000000000000632      0x3d4 Drivers/STM32F4xx_HAL_Driver/Src/stm32f4xx_hal_cortex.o
 .debug_abbrev  0x0000000000000a06      0x2a5 Drivers/STM32F4xx_HAL_Driver/Src/stm32f4xx_hal_gpio.o
 .debug_abbrev  0x0000000000000cab      0x336 Drivers/STM32F4xx_HAL_Driver/Src/stm32f4xx_hal_pcd.o
 .debug_abbrev  0x0000000000000fe1      0x24c Drivers/STM32F4xx_HAL_Driver/Src/stm32f4xx_hal_pcd_ex.o
 .debug_abbrev  0x000000000000122d      0x370 Drivers/STM32F4xx_HAL_Driver/Src/stm32f4xx_hal_rcc.o
 .debug_abbrev  0x000000000000159d      0x304 Drivers/STM32F4xx_HAL_Driver/Src/stm32f4xx_ll_usb.o
 .debug_abbrev  0x00000000000018a1      0x312 Middlewares/ST/STM32_USB_Device_Library/Class/CDC/Src/usbd_cdc.o
 .debug_abbrev  0x0000000000001bb3      0x2c6 Middlewares/ST/STM32_USB_Device_Library/Core/Src/usbd_core.o
 .debug_abbrev  0x0000000000001e79      0x327 Middlewares/ST/STM32_USB_Device_Library/Core/Src/usbd_ctlreq.o
 .debug_abbrev  0x00000000000021a0      0x213 Middlewares/ST/STM32_USB_Device_Library/Core/Src/usbd_ioreq.o
 .debug_abbrev  0x00000000000023b3      0x284 Src/LLInit.o
 .debug_abbrev  0x0000000000002637      0x28c Src/can.o
 .debug_abbrev  0x00000000000028c3      0x2e2 Src/main.o
 .debug_abbrev  0x0000000000002ba5      0x26e Src/stm32f4xx_hal_msp.o
 .debug_abbrev  0x0000000000002e13      0x248 Src/stm32f4xx_it.o
 .debug_abbrev  0x000000000000305b      0x205 Src/system_stm32f4xx.o
 .debug_abbrev  0x0000000000003260      0x216 Src/usb_device.o
 .debug_abbrev  0x0000000000003476      0x2c7 Src/usbd_cdc_if.o
 .debug_abbrev  0x000000000000373d      0x2eb Src/usbd_conf.o
 .debug_abbrev  0x0000000000003a28      0x272 Src/usbd_desc.o
 .debug_abbrev  0x0000000000003c9a       0x12 startup/startup_stm32f407xx.o

.debug_loc      0x0000000000000000     0x6cff
 .debug_loc     0x0000000000000000       0x91 Drivers/STM32F4xx_HAL_Driver/Src/stm32f4xx_hal.o
 .debug_loc     0x0000000000000091      0xcbe Drivers/STM32F4xx_HAL_Driver/Src/stm32f4xx_hal_can.o
 .debug_loc     0x0000000000000d4f      0x5ce Drivers/STM32F4xx_HAL_Driver/Src/stm32f4xx_hal_cortex.o
 .debug_loc     0x000000000000131d      0x3fd Drivers/STM32F4xx_HAL_Driver/Src/stm32f4xx_hal_gpio.o
 .debug_loc     0x000000000000171a      0xc84 Drivers/STM32F4xx_HAL_Driver/Src/stm32f4xx_hal_pcd.o
 .debug_loc     0x000000000000239e       0xb7 Drivers/STM32F4xx_HAL_Driver/Src/stm32f4xx_hal_pcd_ex.o
 .debug_loc     0x0000000000002455      0x53b Drivers/STM32F4xx_HAL_Driver/Src/stm32f4xx_hal_rcc.o
 .debug_loc     0x0000000000002990     0x1582 Drivers/STM32F4xx_HAL_Driver/Src/stm32f4xx_ll_usb.o
 .debug_loc     0x0000000000003f12      0x4b9 Middlewares/ST/STM32_USB_Device_Library/Class/CDC/Src/usbd_cdc.o
 .debug_loc     0x00000000000043cb      0x71c Middlewares/ST/STM32_USB_Device_Library/Core/Src/usbd_core.o
 .debug_loc     0x0000000000004ae7      0xb78 Middlewares/ST/STM32_USB_Device_Library/Core/Src/usbd_ctlreq.o
 .debug_loc     0x000000000000565f      0x23c Middlewares/ST/STM32_USB_Device_Library/Core/Src/usbd_ioreq.o
 .debug_loc     0x000000000000589b      0x135 Src/can.o
 .debug_loc     0x00000000000059d0      0x18a Src/main.o
 .debug_loc     0x0000000000005b5a       0xb6 Src/stm32f4xx_hal_msp.o
 .debug_loc     0x0000000000005c10      0x13e Src/system_stm32f4xx.o
 .debug_loc     0x0000000000005d4e      0x113 Src/usbd_cdc_if.o
 .debug_loc     0x0000000000005e61      0xbe7 Src/usbd_conf.o
 .debug_loc     0x0000000000006a48      0x2b7 Src/usbd_desc.o

.debug_aranges  0x0000000000000000      0xb20
 .debug_aranges
                0x0000000000000000       0xc8 Drivers/STM32F4xx_HAL_Driver/Src/stm32f4xx_hal.o
 .debug_aranges
                0x00000000000000c8       0xb0 Drivers/STM32F4xx_HAL_Driver/Src/stm32f4xx_hal_can.o
 .debug_aranges
                0x0000000000000178       0xa8 Drivers/STM32F4xx_HAL_Driver/Src/stm32f4xx_hal_cortex.o
 .debug_aranges
                0x0000000000000220       0x58 Drivers/STM32F4xx_HAL_Driver/Src/stm32f4xx_hal_gpio.o
 .debug_aranges
                0x0000000000000278      0x120 Drivers/STM32F4xx_HAL_Driver/Src/stm32f4xx_hal_pcd.o
 .debug_aranges
                0x0000000000000398       0x28 Drivers/STM32F4xx_HAL_Driver/Src/stm32f4xx_hal_pcd_ex.o
 .debug_aranges
                0x00000000000003c0       0x88 Drivers/STM32F4xx_HAL_Driver/Src/stm32f4xx_hal_rcc.o
 .debug_aranges
                0x0000000000000448      0x180 Drivers/STM32F4xx_HAL_Driver/Src/stm32f4xx_ll_usb.o
 .debug_aranges
                0x00000000000005c8       0x90 Middlewares/ST/STM32_USB_Device_Library/Class/CDC/Src/usbd_cdc.o
 .debug_aranges
                0x0000000000000658       0xb8 Middlewares/ST/STM32_USB_Device_Library/Core/Src/usbd_core.o
 .debug_aranges
                0x0000000000000710       0x88 Middlewares/ST/STM32_USB_Device_Library/Core/Src/usbd_ctlreq.o
 .debug_aranges
                0x0000000000000798       0x50 Middlewares/ST/STM32_USB_Device_Library/Core/Src/usbd_ioreq.o
 .debug_aranges
                0x00000000000007e8       0x40 Src/LLInit.o
 .debug_aranges
                0x0000000000000828       0x30 Src/can.o
 .debug_aranges
                0x0000000000000858       0x50 Src/main.o
 .debug_aranges
                0x00000000000008a8       0x40 Src/stm32f4xx_hal_msp.o
 .debug_aranges
                0x00000000000008e8       0x40 Src/stm32f4xx_it.o
 .debug_aranges
                0x0000000000000928       0x28 Src/system_stm32f4xx.o
 .debug_aranges
                0x0000000000000950       0x20 Src/usb_device.o
 .debug_aranges
                0x0000000000000970       0x40 Src/usbd_cdc_if.o
 .debug_aranges
                0x00000000000009b0       0xf8 Src/usbd_conf.o
 .debug_aranges
                0x0000000000000aa8       0x50 Src/usbd_desc.o
 .debug_aranges
                0x0000000000000af8       0x28 startup/startup_stm32f407xx.o

.debug_ranges   0x0000000000000000      0xa18
 .debug_ranges  0x0000000000000000       0xb8 Drivers/STM32F4xx_HAL_Driver/Src/stm32f4xx_hal.o
 .debug_ranges  0x00000000000000b8       0xa0 Drivers/STM32F4xx_HAL_Driver/Src/stm32f4xx_hal_can.o
 .debug_ranges  0x0000000000000158       0xf8 Drivers/STM32F4xx_HAL_Driver/Src/stm32f4xx_hal_cortex.o
 .debug_ranges  0x0000000000000250       0x48 Drivers/STM32F4xx_HAL_Driver/Src/stm32f4xx_hal_gpio.o
 .debug_ranges  0x0000000000000298      0x110 Drivers/STM32F4xx_HAL_Driver/Src/stm32f4xx_hal_pcd.o
 .debug_ranges  0x00000000000003a8       0x18 Drivers/STM32F4xx_HAL_Driver/Src/stm32f4xx_hal_pcd_ex.o
 .debug_ranges  0x00000000000003c0       0x78 Drivers/STM32F4xx_HAL_Driver/Src/stm32f4xx_hal_rcc.o
 .debug_ranges  0x0000000000000438      0x170 Drivers/STM32F4xx_HAL_Driver/Src/stm32f4xx_ll_usb.o
 .debug_ranges  0x00000000000005a8       0x80 Middlewares/ST/STM32_USB_Device_Library/Class/CDC/Src/usbd_cdc.o
 .debug_ranges  0x0000000000000628       0xa8 Middlewares/ST/STM32_USB_Device_Library/Core/Src/usbd_core.o
 .debug_ranges  0x00000000000006d0       0x78 Middlewares/ST/STM32_USB_Device_Library/Core/Src/usbd_ctlreq.o
 .debug_ranges  0x0000000000000748       0x40 Middlewares/ST/STM32_USB_Device_Library/Core/Src/usbd_ioreq.o
 .debug_ranges  0x0000000000000788       0x30 Src/LLInit.o
 .debug_ranges  0x00000000000007b8       0x20 Src/can.o
 .debug_ranges  0x00000000000007d8       0x40 Src/main.o
 .debug_ranges  0x0000000000000818       0x30 Src/stm32f4xx_hal_msp.o
 .debug_ranges  0x0000000000000848       0x30 Src/stm32f4xx_it.o
 .debug_ranges  0x0000000000000878       0x18 Src/system_stm32f4xx.o
 .debug_ranges  0x0000000000000890       0x10 Src/usb_device.o
 .debug_ranges  0x00000000000008a0       0x30 Src/usbd_cdc_if.o
 .debug_ranges  0x00000000000008d0       0xe8 Src/usbd_conf.o
 .debug_ranges  0x00000000000009b8       0x40 Src/usbd_desc.o
 .debug_ranges  0x00000000000009f8       0x20 startup/startup_stm32f407xx.o

.debug_macro    0x0000000000000000    0x24d1b
 .debug_macro   0x0000000000000000      0x39c Drivers/STM32F4xx_HAL_Driver/Src/stm32f4xx_hal.o
 .debug_macro   0x000000000000039c      0x8bc Drivers/STM32F4xx_HAL_Driver/Src/stm32f4xx_hal.o
 .debug_macro   0x0000000000000c58       0x10 Drivers/STM32F4xx_HAL_Driver/Src/stm32f4xx_hal.o
 .debug_macro   0x0000000000000c68      0x186 Drivers/STM32F4xx_HAL_Driver/Src/stm32f4xx_hal.o
 .debug_macro   0x0000000000000dee       0x33 Drivers/STM32F4xx_HAL_Driver/Src/stm32f4xx_hal.o
 .debug_macro   0x0000000000000e21       0x28 Drivers/STM32F4xx_HAL_Driver/Src/stm32f4xx_hal.o
 .debug_macro   0x0000000000000e49       0x22 Drivers/STM32F4xx_HAL_Driver/Src/stm32f4xx_hal.o
 .debug_macro   0x0000000000000e6b       0x87 Drivers/STM32F4xx_HAL_Driver/Src/stm32f4xx_hal.o
 .debug_macro   0x0000000000000ef2       0x51 Drivers/STM32F4xx_HAL_Driver/Src/stm32f4xx_hal.o
 .debug_macro   0x0000000000000f43       0xef Drivers/STM32F4xx_HAL_Driver/Src/stm32f4xx_hal.o
 .debug_macro   0x0000000000001032       0x6a Drivers/STM32F4xx_HAL_Driver/Src/stm32f4xx_hal.o
 .debug_macro   0x000000000000109c      0x1df Drivers/STM32F4xx_HAL_Driver/Src/stm32f4xx_hal.o
 .debug_macro   0x000000000000127b       0x35 Drivers/STM32F4xx_HAL_Driver/Src/stm32f4xx_hal.o
 .debug_macro   0x00000000000012b0       0x50 Drivers/STM32F4xx_HAL_Driver/Src/stm32f4xx_hal.o
 .debug_macro   0x0000000000001300      0xe66 Drivers/STM32F4xx_HAL_Driver/Src/stm32f4xx_hal.o
 .debug_macro   0x0000000000002166    0x15e04 Drivers/STM32F4xx_HAL_Driver/Src/stm32f4xx_hal.o
 .debug_macro   0x0000000000017f6a       0x43 Drivers/STM32F4xx_HAL_Driver/Src/stm32f4xx_hal.o
 .debug_macro   0x0000000000017fad     0x3574 Drivers/STM32F4xx_HAL_Driver/Src/stm32f4xx_hal.o
 .debug_macro   0x000000000001b521       0x58 Drivers/STM32F4xx_HAL_Driver/Src/stm32f4xx_hal.o
 .debug_macro   0x000000000001b579       0x35 Drivers/STM32F4xx_HAL_Driver/Src/stm32f4xx_hal.o
 .debug_macro   0x000000000001b5ae       0x9c Drivers/STM32F4xx_HAL_Driver/Src/stm32f4xx_hal.o
 .debug_macro   0x000000000001b64a       0x16 Drivers/STM32F4xx_HAL_Driver/Src/stm32f4xx_hal.o
 .debug_macro   0x000000000001b660       0x97 Drivers/STM32F4xx_HAL_Driver/Src/stm32f4xx_hal.o
 .debug_macro   0x000000000001b6f7      0x330 Drivers/STM32F4xx_HAL_Driver/Src/stm32f4xx_hal.o
 .debug_macro   0x000000000001ba27       0xfd Drivers/STM32F4xx_HAL_Driver/Src/stm32f4xx_hal.o
 .debug_macro   0x000000000001bb24       0x10 Drivers/STM32F4xx_HAL_Driver/Src/stm32f4xx_hal.o
 .debug_macro   0x000000000001bb34       0x58 Drivers/STM32F4xx_HAL_Driver/Src/stm32f4xx_hal.o
 .debug_macro   0x000000000001bb8c       0x1f Drivers/STM32F4xx_HAL_Driver/Src/stm32f4xx_hal.o
 .debug_macro   0x000000000001bbab       0x43 Drivers/STM32F4xx_HAL_Driver/Src/stm32f4xx_hal.o
 .debug_macro   0x000000000001bbee       0x20 Drivers/STM32F4xx_HAL_Driver/Src/stm32f4xx_hal.o
 .debug_macro   0x000000000001bc0e      0x187 Drivers/STM32F4xx_HAL_Driver/Src/stm32f4xx_hal.o
 .debug_macro   0x000000000001bd95       0x10 Drivers/STM32F4xx_HAL_Driver/Src/stm32f4xx_hal.o
 .debug_macro   0x000000000001bda5       0x1c Drivers/STM32F4xx_HAL_Driver/Src/stm32f4xx_hal.o
 .debug_macro   0x000000000001bdc1       0x52 Drivers/STM32F4xx_HAL_Driver/Src/stm32f4xx_hal.o
 .debug_macro   0x000000000001be13       0x40 Drivers/STM32F4xx_HAL_Driver/Src/stm32f4xx_hal.o
 .debug_macro   0x000000000001be53       0x10 Drivers/STM32F4xx_HAL_Driver/Src/stm32f4xx_hal.o
 .debug_macro   0x000000000001be63       0x40 Drivers/STM32F4xx_HAL_Driver/Src/stm32f4xx_hal.o
 .debug_macro   0x000000000001bea3       0xd7 Drivers/STM32F4xx_HAL_Driver/Src/stm32f4xx_hal.o
 .debug_macro   0x000000000001bf7a       0x16 Drivers/STM32F4xx_HAL_Driver/Src/stm32f4xx_hal.o
 .debug_macro   0x000000000001bf90      0x18b Drivers/STM32F4xx_HAL_Driver/Src/stm32f4xx_hal.o
 .debug_macro   0x000000000001c11b       0x50 Drivers/STM32F4xx_HAL_Driver/Src/stm32f4xx_hal.o
 .debug_macro   0x000000000001c16b      0x96b Drivers/STM32F4xx_HAL_Driver/Src/stm32f4xx_hal.o
 .debug_macro   0x000000000001cad6      0x9e1 Drivers/STM32F4xx_HAL_Driver/Src/stm32f4xx_hal.o
 .debug_macro   0x000000000001d4b7      0x11e Drivers/STM32F4xx_HAL_Driver/Src/stm32f4xx_hal.o
 .debug_macro   0x000000000001d5d5      0x13e Drivers/STM32F4xx_HAL_Driver/Src/stm32f4xx_hal.o
 .debug_macro   0x000000000001d713       0x27 Drivers/STM32F4xx_HAL_Driver/Src/stm32f4xx_hal.o
 .debug_macro   0x000000000001d73a      0x287 Drivers/STM32F4xx_HAL_Driver/Src/stm32f4xx_hal.o
 .debug_macro   0x000000000001d9c1       0x5f Drivers/STM32F4xx_HAL_Driver/Src/stm32f4xx_hal.o
 .debug_macro   0x000000000001da20      0x23a Drivers/STM32F4xx_HAL_Driver/Src/stm32f4xx_hal.o
 .debug_macro   0x000000000001dc5a      0x391 Drivers/STM32F4xx_HAL_Driver/Src/stm32f4xx_hal.o
 .debug_macro   0x000000000001dfeb      0x176 Drivers/STM32F4xx_HAL_Driver/Src/stm32f4xx_hal.o
 .debug_macro   0x000000000001e161       0xf9 Drivers/STM32F4xx_HAL_Driver/Src/stm32f4xx_hal.o
 .debug_macro   0x000000000001e25a      0x383 Drivers/STM32F4xx_HAL_Driver/Src/stm32f4xx_hal.o
 .debug_macro   0x000000000001e5dd      0x133 Drivers/STM32F4xx_HAL_Driver/Src/stm32f4xx_hal.o
 .debug_macro   0x000000000001e710      0x21e Drivers/STM32F4xx_HAL_Driver/Src/stm32f4xx_hal.o
 .debug_macro   0x000000000001e92e       0x2e Drivers/STM32F4xx_HAL_Driver/Src/stm32f4xx_hal.o
 .debug_macro   0x000000000001e95c      0x11e Drivers/STM32F4xx_HAL_Driver/Src/stm32f4xx_hal.o
 .debug_macro   0x000000000001ea7a       0x7f Drivers/STM32F4xx_HAL_Driver/Src/stm32f4xx_hal.o
 .debug_macro   0x000000000001eaf9       0x89 Drivers/STM32F4xx_HAL_Driver/Src/stm32f4xx_hal.o
 .debug_macro   0x000000000001eb82      0x1df Drivers/STM32F4xx_HAL_Driver/Src/stm32f4xx_hal.o
 .debug_macro   0x000000000001ed61      0x115 Drivers/STM32F4xx_HAL_Driver/Src/stm32f4xx_hal.o
 .debug_macro   0x000000000001ee76      0x125 Drivers/STM32F4xx_HAL_Driver/Src/stm32f4xx_hal.o
 .debug_macro   0x000000000001ef9b      0x343 Drivers/STM32F4xx_HAL_Driver/Src/stm32f4xx_hal_can.o
 .debug_macro   0x000000000001f2de      0x33c Drivers/STM32F4xx_HAL_Driver/Src/stm32f4xx_hal_cortex.o
 .debug_macro   0x000000000001f61a      0x374 Drivers/STM32F4xx_HAL_Driver/Src/stm32f4xx_hal_gpio.o
 .debug_macro   0x000000000001f98e      0x348 Drivers/STM32F4xx_HAL_Driver/Src/stm32f4xx_hal_pcd.o
 .debug_macro   0x000000000001fcd6      0x33c Drivers/STM32F4xx_HAL_Driver/Src/stm32f4xx_hal_pcd_ex.o
 .debug_macro   0x0000000000020012      0x366 Drivers/STM32F4xx_HAL_Driver/Src/stm32f4xx_hal_rcc.o
 .debug_macro   0x0000000000020378      0x343 Drivers/STM32F4xx_HAL_Driver/Src/stm32f4xx_ll_usb.o
 .debug_macro   0x00000000000206bb      0x3f2 Middlewares/ST/STM32_USB_Device_Library/Class/CDC/Src/usbd_cdc.o
 .debug_macro   0x0000000000020aad       0x52 Middlewares/ST/STM32_USB_Device_Library/Class/CDC/Src/usbd_cdc.o
 .debug_macro   0x0000000000020aff       0x8d Middlewares/ST/STM32_USB_Device_Library/Class/CDC/Src/usbd_cdc.o
 .debug_macro   0x0000000000020b8c       0x57 Middlewares/ST/STM32_USB_Device_Library/Class/CDC/Src/usbd_cdc.o
 .debug_macro   0x0000000000020be3       0x16 Middlewares/ST/STM32_USB_Device_Library/Class/CDC/Src/usbd_cdc.o
 .debug_macro   0x0000000000020bf9       0x35 Middlewares/ST/STM32_USB_Device_Library/Class/CDC/Src/usbd_cdc.o
 .debug_macro   0x0000000000020c2e       0x16 Middlewares/ST/STM32_USB_Device_Library/Class/CDC/Src/usbd_cdc.o
 .debug_macro   0x0000000000020c44       0x29 Middlewares/ST/STM32_USB_Device_Library/Class/CDC/Src/usbd_cdc.o
 .debug_macro   0x0000000000020c6d       0x16 Middlewares/ST/STM32_USB_Device_Library/Class/CDC/Src/usbd_cdc.o
 .debug_macro   0x0000000000020c83       0x6b Middlewares/ST/STM32_USB_Device_Library/Class/CDC/Src/usbd_cdc.o
 .debug_macro   0x0000000000020cee      0x1c3 Middlewares/ST/STM32_USB_Device_Library/Class/CDC/Src/usbd_cdc.o
 .debug_macro   0x0000000000020eb1       0x83 Middlewares/ST/STM32_USB_Device_Library/Class/CDC/Src/usbd_cdc.o
 .debug_macro   0x0000000000020f34      0x3cb Middlewares/ST/STM32_USB_Device_Library/Core/Src/usbd_core.o
 .debug_macro   0x00000000000212ff      0x1c9 Middlewares/ST/STM32_USB_Device_Library/Core/Src/usbd_core.o
 .debug_macro   0x00000000000214c8      0x3d5 Middlewares/ST/STM32_USB_Device_Library/Core/Src/usbd_ctlreq.o
 .debug_macro   0x000000000002189d      0x3d1 Middlewares/ST/STM32_USB_Device_Library/Core/Src/usbd_ioreq.o
 .debug_macro   0x0000000000021c6e      0x408 Src/LLInit.o
 .debug_macro   0x0000000000022076      0x412 Src/can.o
 .debug_macro   0x0000000000022488      0x44d Src/main.o
 .debug_macro   0x00000000000228d5      0x10e Src/main.o
 .debug_macro   0x00000000000229e3       0x8d Src/main.o
 .debug_macro   0x0000000000022a70       0x3b Src/main.o
 .debug_macro   0x0000000000022aab       0x1c Src/main.o
 .debug_macro   0x0000000000022ac7       0x1c Src/main.o
 .debug_macro   0x0000000000022ae3      0x6e0 Src/main.o
 .debug_macro   0x00000000000231c3       0x5b Src/main.o
 .debug_macro   0x000000000002321e      0x14d Src/main.o
 .debug_macro   0x000000000002336b      0x33c Src/stm32f4xx_hal_msp.o
 .debug_macro   0x00000000000236a7      0x346 Src/stm32f4xx_it.o
 .debug_macro   0x00000000000239ed      0x342 Src/system_stm32f4xx.o
 .debug_macro   0x0000000000023d2f      0x40c Src/usb_device.o
 .debug_macro   0x000000000002413b      0x3f6 Src/usbd_cdc_if.o
 .debug_macro   0x0000000000024531      0x3db Src/usbd_conf.o
 .debug_macro   0x000000000002490c      0x40f Src/usbd_desc.o

.debug_line     0x0000000000000000     0xeb3a
 .debug_line    0x0000000000000000      0x9f6 Drivers/STM32F4xx_HAL_Driver/Src/stm32f4xx_hal.o
 .debug_line    0x00000000000009f6      0xe17 Drivers/STM32F4xx_HAL_Driver/Src/stm32f4xx_hal_can.o
 .debug_line    0x000000000000180d      0xa63 Drivers/STM32F4xx_HAL_Driver/Src/stm32f4xx_hal_cortex.o
 .debug_line    0x0000000000002270      0x9d7 Drivers/STM32F4xx_HAL_Driver/Src/stm32f4xx_hal_gpio.o
 .debug_line    0x0000000000002c47      0xd56 Drivers/STM32F4xx_HAL_Driver/Src/stm32f4xx_hal_pcd.o
 .debug_line    0x000000000000399d      0x891 Drivers/STM32F4xx_HAL_Driver/Src/stm32f4xx_hal_pcd_ex.o
 .debug_line    0x000000000000422e      0xb5c Drivers/STM32F4xx_HAL_Driver/Src/stm32f4xx_hal_rcc.o
 .debug_line    0x0000000000004d8a      0xeb3 Drivers/STM32F4xx_HAL_Driver/Src/stm32f4xx_ll_usb.o
 .debug_line    0x0000000000005c3d      0xb5d Middlewares/ST/STM32_USB_Device_Library/Class/CDC/Src/usbd_cdc.o
 .debug_line    0x000000000000679a      0xb4e Middlewares/ST/STM32_USB_Device_Library/Core/Src/usbd_core.o
 .debug_line    0x00000000000072e8      0xb63 Middlewares/ST/STM32_USB_Device_Library/Core/Src/usbd_ctlreq.o
 .debug_line    0x0000000000007e4b      0x9d9 Middlewares/ST/STM32_USB_Device_Library/Core/Src/usbd_ioreq.o
 .debug_line    0x0000000000008824      0xa64 Src/LLInit.o
 .debug_line    0x0000000000009288      0xa26 Src/can.o
 .debug_line    0x0000000000009cae      0xaf4 Src/main.o
 .debug_line    0x000000000000a7a2      0x8ad Src/stm32f4xx_hal_msp.o
 .debug_line    0x000000000000b04f      0x896 Src/stm32f4xx_it.o
 .debug_line    0x000000000000b8e5      0x877 Src/system_stm32f4xx.o
 .debug_line    0x000000000000c15c      0x9de Src/usb_device.o
 .debug_line    0x000000000000cb3a      0xa12 Src/usbd_cdc_if.o
 .debug_line    0x000000000000d54c      0xbad Src/usbd_conf.o
 .debug_line    0x000000000000e0f9      0x9c2 Src/usbd_desc.o
 .debug_line    0x000000000000eabb       0x7f startup/startup_stm32f407xx.o

.debug_str      0x0000000000000000    0xc9f28